Archive member included to satisfy reference by file (symbol)

C:/ST/STM32CubeIDE_2.2.0/STM32CubeIDE/plugins/com.st.stm32cube.ide.mcu.externaltools.gnu-tools-for-stm32.14.3.rel1.win32_1.0.100.202602081740/tools/bin/../lib/gcc/arm-none-eabi/14.3.1/../../../../arm-none-eabi/lib/thumb/v8-m.main+fp/hard\libc_nano.a(libc_a-exit.o)
                              C:/ST/STM32CubeIDE_2.2.0/STM32CubeIDE/plugins/com.st.stm32cube.ide.mcu.externaltools.gnu-tools-for-stm32.14.3.rel1.win32_1.0.100.202602081740/tools/bin/../lib/gcc/arm-none-eabi/14.3.1/../../../../arm-none-eabi/lib/thumb/v8-m.main+fp/hard/crt0.o (exit)
C:/ST/STM32CubeIDE_2.2.0/STM32CubeIDE/plugins/com.st.stm32cube.ide.mcu.externaltools.gnu-tools-for-stm32.14.3.rel1.win32_1.0.100.202602081740/tools/bin/../lib/gcc/arm-none-eabi/14.3.1/../../../../arm-none-eabi/lib/thumb/v8-m.main+fp/hard\libc_nano.a(libc_a-findfp.o)
                              C:/ST/STM32CubeIDE_2.2.0/STM32CubeIDE/plugins/com.st.stm32cube.ide.mcu.externaltools.gnu-tools-for-stm32.14.3.rel1.win32_1.0.100.202602081740/tools/bin/../lib/gcc/arm-none-eabi/14.3.1/../../../../arm-none-eabi/lib/thumb/v8-m.main+fp/hard\libc_nano.a(libc_a-exit.o) (__stdio_exit_handler)
C:/ST/STM32CubeIDE_2.2.0/STM32CubeIDE/plugins/com.st.stm32cube.ide.mcu.externaltools.gnu-tools-for-stm32.14.3.rel1.win32_1.0.100.202602081740/tools/bin/../lib/gcc/arm-none-eabi/14.3.1/../../../../arm-none-eabi/lib/thumb/v8-m.main+fp/hard\libc_nano.a(libc_a-fwalk.o)
                              C:/ST/STM32CubeIDE_2.2.0/STM32CubeIDE/plugins/com.st.stm32cube.ide.mcu.externaltools.gnu-tools-for-stm32.14.3.rel1.win32_1.0.100.202602081740/tools/bin/../lib/gcc/arm-none-eabi/14.3.1/../../../../arm-none-eabi/lib/thumb/v8-m.main+fp/hard\libc_nano.a(libc_a-findfp.o) (_fwalk_sglue)
C:/ST/STM32CubeIDE_2.2.0/STM32CubeIDE/plugins/com.st.stm32cube.ide.mcu.externaltools.gnu-tools-for-stm32.14.3.rel1.win32_1.0.100.202602081740/tools/bin/../lib/gcc/arm-none-eabi/14.3.1/../../../../arm-none-eabi/lib/thumb/v8-m.main+fp/hard\libc_nano.a(libc_a-snprintf.o)
                              ./Main/Src/ui.o (snprintf)
C:/ST/STM32CubeIDE_2.2.0/STM32CubeIDE/plugins/com.st.stm32cube.ide.mcu.externaltools.gnu-tools-for-stm32.14.3.rel1.win32_1.0.100.202602081740/tools/bin/../lib/gcc/arm-none-eabi/14.3.1/../../../../arm-none-eabi/lib/thumb/v8-m.main+fp/hard\libc_nano.a(libc_a-stdio.o)
                              C:/ST/STM32CubeIDE_2.2.0/STM32CubeIDE/plugins/com.st.stm32cube.ide.mcu.externaltools.gnu-tools-for-stm32.14.3.rel1.win32_1.0.100.202602081740/tools/bin/../lib/gcc/arm-none-eabi/14.3.1/../../../../arm-none-eabi/lib/thumb/v8-m.main+fp/hard\libc_nano.a(libc_a-findfp.o) (__sread)
C:/ST/STM32CubeIDE_2.2.0/STM32CubeIDE/plugins/com.st.stm32cube.ide.mcu.externaltools.gnu-tools-for-stm32.14.3.rel1.win32_1.0.100.202602081740/tools/bin/../lib/gcc/arm-none-eabi/14.3.1/../../../../arm-none-eabi/lib/thumb/v8-m.main+fp/hard\libc_nano.a(libc_a-vsnprintf.o)
                              ./Main/Src/ui.o (vsnprintf)
C:/ST/STM32CubeIDE_2.2.0/STM32CubeIDE/plugins/com.st.stm32cube.ide.mcu.externaltools.gnu-tools-for-stm32.14.3.rel1.win32_1.0.100.202602081740/tools/bin/../lib/gcc/arm-none-eabi/14.3.1/../../../../arm-none-eabi/lib/thumb/v8-m.main+fp/hard\libc_nano.a(libc_a-vsprintf.o)
                              ./Drivers/BSP/ST7735/st7735_lcd.o (vsprintf)
C:/ST/STM32CubeIDE_2.2.0/STM32CubeIDE/plugins/com.st.stm32cube.ide.mcu.externaltools.gnu-tools-for-stm32.14.3.rel1.win32_1.0.100.202602081740/tools/bin/../lib/gcc/arm-none-eabi/14.3.1/../../../../arm-none-eabi/lib/thumb/v8-m.main+fp/hard\libc_nano.a(libc_a-memset.o)
                              C:/ST/STM32CubeIDE_2.2.0/STM32CubeIDE/plugins/com.st.stm32cube.ide.mcu.externaltools.gnu-tools-for-stm32.14.3.rel1.win32_1.0.100.202602081740/tools/bin/../lib/gcc/arm-none-eabi/14.3.1/../../../../arm-none-eabi/lib/thumb/v8-m.main+fp/hard/crt0.o (memset)
C:/ST/STM32CubeIDE_2.2.0/STM32CubeIDE/plugins/com.st.stm32cube.ide.mcu.externaltools.gnu-tools-for-stm32.14.3.rel1.win32_1.0.100.202602081740/tools/bin/../lib/gcc/arm-none-eabi/14.3.1/../../../../arm-none-eabi/lib/thumb/v8-m.main+fp/hard\libc_nano.a(libc_a-closer.o)
                              C:/ST/STM32CubeIDE_2.2.0/STM32CubeIDE/plugins/com.st.stm32cube.ide.mcu.externaltools.gnu-tools-for-stm32.14.3.rel1.win32_1.0.100.202602081740/tools/bin/../lib/gcc/arm-none-eabi/14.3.1/../../../../arm-none-eabi/lib/thumb/v8-m.main+fp/hard\libc_nano.a(libc_a-stdio.o) (_close_r)
C:/ST/STM32CubeIDE_2.2.0/STM32CubeIDE/plugins/com.st.stm32cube.ide.mcu.externaltools.gnu-tools-for-stm32.14.3.rel1.win32_1.0.100.202602081740/tools/bin/../lib/gcc/arm-none-eabi/14.3.1/../../../../arm-none-eabi/lib/thumb/v8-m.main+fp/hard\libc_nano.a(libc_a-reent.o)
[...]
Memory Configuration

Name             Origin             Length             Attributes
RAM              0x20000000         0x00044000         xrw
FLASH            0x08000000         0x00080000         xr
*default*        0x00000000         0xffffffff

Linker script and memory map

LOAD C:/ST/STM32CubeIDE_2.2.0/STM32CubeIDE/plugins/com.st.stm32cube.ide.mcu.externaltools.gnu-tools-for-stm32.14.3.rel1.win32_1.0.100.202602081740/tools/bin/../lib/gcc/arm-none-eabi/14.3.1/thumb/v8-m.main+fp/hard/crti.o
LOAD C:/ST/STM32CubeIDE_2.2.0/STM32CubeIDE/plugins/com.st.stm32cube.ide.mcu.externaltools.gnu-tools-for-stm32.14.3.rel1.win32_1.0.100.202602081740/tools/bin/../lib/gcc/arm-none-eabi/14.3.1/thumb/v8-m.main+fp/hard/crtbegin.o
LOAD C:/ST/STM32CubeIDE_2.2.0/STM32CubeIDE/plugins/com.st.stm32cube.ide.mcu.externaltools.gnu-tools-for-stm32.14.3.rel1.win32_1.0.100.202602081740/tools/bin/../lib/gcc/arm-none-eabi/14.3.1/../../../../arm-none-eabi/lib/thumb/v8-m.main+fp/hard/crt0.o
LOAD ./Core/Src/adc.o
LOAD ./Core/Src/dac.o
LOAD ./Core/Src/gpio.o
LOAD ./Core/Src/i2c.o
LOAD ./Core/Src/icache.o
LOAD ./Core/Src/lptim.o
LOAD ./Core/Src/main.o
LOAD ./Core/Src/rng.o
LOAD ./Core/Src/spi.o
LOAD ./Core/Src/stm32h5xx_hal_msp.o
LOAD ./Core/Src/stm32h5xx_it.o
LOAD ./Core/Src/syscalls.o
LOAD ./Core/Src/sysmem.o
LOAD ./Core/Src/system_stm32h5xx.o
LOAD ./Core/Src/tim.o
LOAD ./Core/Startup/startup_stm32h533retx.o
LOAD ./Drivers/BSP/ST7735/font.o
LOAD ./Drivers/BSP/ST7735/logo.o
LOAD ./Drivers/BSP/ST7735/st7735.o
LOAD ./Drivers/BSP/ST7735/st7735_lcd.o
LOAD ./Drivers/BSP/ST7735/st7735_reg.o
LOAD ./Drivers/BSP/ST7789/fonts.o
LOAD ./Drivers/BSP/ST7789/st7789.o
LOAD ./Drivers/BSP/ST7789/st7789_lcd.o
LOAD ./Drivers/STM32H5xx_HAL_Driver/Src/stm32h5xx_hal.o
LOAD ./Drivers/STM32H5xx_HAL_Driver/Src/stm32h5xx_hal_adc.o
LOAD ./Drivers/STM32H5xx_HAL_Driver/Src/stm32h5xx_hal_adc_ex.o
LOAD ./Drivers/STM32H5xx_HAL_Driver/Src/stm32h5xx_hal_cortex.o
LOAD ./Drivers/STM32H5xx_HAL_Driver/Src/stm32h5xx_hal_dac.o
LOAD ./Drivers/STM32H5xx_HAL_Driver/Src/stm32h5xx_hal_dac_ex.o
LOAD ./Drivers/STM32H5xx_HAL_Driver/Src/stm32h5xx_hal_dma.o
LOAD ./Drivers/STM32H5xx_HAL_Driver/Src/stm32h5xx_hal_dma_ex.o
LOAD ./Drivers/STM32H5xx_HAL_Driver/Src/stm32h5xx_hal_exti.o
LOAD ./Drivers/STM32H5xx_HAL_Driver/Src/stm32h5xx_hal_flash.o
LOAD ./Drivers/STM32H5xx_HAL_Driver/Src/stm32h5xx_hal_flash_ex.o
LOAD ./Drivers/STM32H5xx_HAL_Driver/Src/stm32h5xx_hal_gpio.o
LOAD ./Drivers/STM32H5xx_HAL_Driver/Src/stm32h5xx_hal_i2c.o
LOAD ./Drivers/STM32H5xx_HAL_Driver/Src/stm32h5xx_hal_i2c_ex.o
LOAD ./Drivers/STM32H5xx_HAL_Driver/Src/stm32h5xx_hal_icache.o
LOAD ./Drivers/STM32H5xx_HAL_Driver/Src/stm32h5xx_hal_lptim.o
LOAD ./Drivers/STM32H5xx_HAL_Driver/Src/stm32h5xx_hal_pwr.o
LOAD ./Drivers/STM32H5xx_HAL_Driver/Src/stm32h5xx_hal_pwr_ex.o
LOAD ./Drivers/STM32H5xx_HAL_Driver/Src/stm32h5xx_hal_rcc.o
LOAD ./Drivers/STM32H5xx_HAL_Driver/Src/stm32h5xx_hal_rcc_ex.o
LOAD ./Drivers/STM32H5xx_HAL_Driver/Src/stm32h5xx_hal_rng.o
LOAD ./Drivers/STM32H5xx_HAL_Driver/Src/stm32h5xx_hal_rng_ex.o
LOAD ./Drivers/STM32H5xx_HAL_Driver/Src/stm32h5xx_hal_spi.o
LOAD ./Drivers/STM32H5xx_HAL_Driver/Src/stm32h5xx_hal_spi_ex.o
LOAD ./Drivers/STM32H5xx_HAL_Driver/Src/stm32h5xx_hal_tim.o
LOAD ./Drivers/STM32H5xx_HAL_Driver/Src/stm32h5xx_hal_tim_ex.o
LOAD ./Drivers/STM32H5xx_HAL_Driver/Src/stm32h5xx_ll_rng.o
LOAD ./Main/Src/button.o
LOAD ./Main/Src/custom_lcd.o
LOAD ./Main/Src/drive.o
LOAD ./Main/Src/menu.o
LOAD ./Main/Src/motor.o
LOAD ./Main/Src/sensor.o
LOAD ./Main/Src/ui.o
START GROUP
LOAD C:/ST/STM32CubeIDE_2.2.0/STM32CubeIDE/plugins/com.st.stm32cube.ide.mcu.externaltools.gnu-tools-for-stm32.14.3.rel1.win32_1.0.100.202602081740/tools/bin/../lib/gcc/arm-none-eabi/14.3.1/../../../../arm-none-eabi/lib/thumb/v8-m.main+fp/hard\libc_nano.a
LOAD C:/ST/STM32CubeIDE_2.2.0/STM32CubeIDE/plugins/com.st.stm32cube.ide.mcu.externaltools.gnu-tools-for-stm32.14.3.rel1.win32_1.0.100.202602081740/tools/bin/../lib/gcc/arm-none-eabi/14.3.1/../../../../arm-none-eabi/lib/thumb/v8-m.main+fp/hard\libm.a
END GROUP
START GROUP
LOAD C:/ST/STM32CubeIDE_2.2.0/STM32CubeIDE/plugins/com.st.stm32cube.ide.mcu.externaltools.gnu-tools-for-stm32.14.3.rel1.win32_1.0.100.202602081740/tools/bin/../lib/gcc/arm-none-eabi/14.3.1/thumb/v8-m.main+fp/hard\libgcc.a
LOAD C:/ST/STM32CubeIDE_2.2.0/STM32CubeIDE/plugins/com.st.stm32cube.ide.mcu.externaltools.gnu-tools-for-stm32.14.3.rel1.win32_1.0.100.202602081740/tools/bin/../lib/gcc/arm-none-eabi/14.3.1/../../../../arm-none-eabi/lib/thumb/v8-m.main+fp/hard\libc_nano.a
END GROUP
START GROUP
LOAD C:/ST/STM32CubeIDE_2.2.0/STM32CubeIDE/plugins/com.st.stm32cube.ide.mcu.externaltools.gnu-tools-for-stm32.14.3.rel1.win32_1.0.100.202602081740/tools/bin/../lib/gcc/arm-none-eabi/14.3.1/thumb/v8-m.main+fp/hard\libgcc.a
LOAD C:/ST/STM32CubeIDE_2.2.0/STM32CubeIDE/plugins/com.st.stm32cube.ide.mcu.externaltools.gnu-tools-for-stm32.14.3.rel1.win32_1.0.100.202602081740/tools/bin/../lib/gcc/arm-none-eabi/14.3.1/../../../../arm-none-eabi/lib/thumb/v8-m.main+fp/hard\libc_nano.a
LOAD C:/ST/STM32CubeIDE_2.2.0/STM32CubeIDE/plugins/com.st.stm32cube.ide.mcu.externaltools.gnu-tools-for-stm32.14.3.rel1.win32_1.0.100.202602081740/tools/bin/../lib/gcc/arm-none-eabi/14.3.1/../../../../arm-none-eabi/lib/thumb/v8-m.main+fp/hard\libnosys.a
END GROUP
START GROUP
LOAD C:/ST/STM32CubeIDE_2.2.0/STM32CubeIDE/plugins/com.st.stm32cube.ide.mcu.externaltools.gnu-tools-for-stm32.14.3.rel1.win32_1.0.100.202602081740/tools/bin/../lib/gcc/arm-none-eabi/14.3.1/thumb/v8-m.main+fp/hard\libgcc.a
LOAD C:/ST/STM32CubeIDE_2.2.0/STM32CubeIDE/plugins/com.st.stm32cube.ide.mcu.externaltools.gnu-tools-for-stm32.14.3.rel1.win32_1.0.100.202602081740/tools/bin/../lib/gcc/arm-none-eabi/14.3.1/../../../../arm-none-eabi/lib/thumb/v8-m.main+fp/hard\libc_nano.a
LOAD C:/ST/STM32CubeIDE_2.2.0/STM32CubeIDE/plugins/com.st.stm32cube.ide.mcu.externaltools.gnu-tools-for-stm32.14.3.rel1.win32_1.0.100.202602081740/tools/bin/../lib/gcc/arm-none-eabi/14.3.1/../../../../arm-none-eabi/lib/thumb/v8-m.main+fp/hard\libnosys.a
END GROUP
LOAD C:/ST/STM32CubeIDE_2.2.0/STM32CubeIDE/plugins/com.st.stm32cube.ide.mcu.externaltools.gnu-tools-for-stm32.14.3.rel1.win32_1.0.100.202602081740/tools/bin/../lib/gcc/arm-none-eabi/14.3.1/thumb/v8-m.main+fp/hard/crtend.o
LOAD C:/ST/STM32CubeIDE_2.2.0/STM32CubeIDE/plugins/com.st.stm32cube.ide.mcu.externaltools.gnu-tools-for-stm32.14.3.rel1.win32_1.0.100.202602081740/tools/bin/../lib/gcc/arm-none-eabi/14.3.1/thumb/v8-m.main+fp/hard/crtn.o
                0x20044000                        _estack = (ORIGIN (RAM) + LENGTH (RAM))
                0x00000200                        _Min_Heap_Size = 0x200
                0x00000400                        _Min_Stack_Size = 0x400

.isr_vector     0x08000000      0x254
                0x08000000                        . = ALIGN (0x4)
 *(.isr_vector)
 .isr_vector    0x08000000      0x254 ./Core/Startup/startup_stm32h533retx.o
                0x08000000                g_pfnVectors
                0x08000254                        . = ALIGN (0x4)

.text           0x08000254    0x1164c
                0x08000254                        . = ALIGN (0x4)
 *(.text)
 .text          0x08000254       0x40 C:/ST/STM32CubeIDE_2.2.0/STM32CubeIDE/plugins/com.st.stm32cube.ide.mcu.externaltools.gnu-tools-for-stm32.14.3.rel1.win32_1.0.100.202602081740/tools/bin/../lib/gcc/arm-none-eabi/14.3.1/thumb/v8-m.main+fp/hard/crtbegin.o
 .text          0x08000294       0x10 C:/ST/STM32CubeIDE_2.2.0/STM32CubeIDE/plugins/com.st.stm32cube.ide.mcu.externaltools.gnu-tools-for-stm32.14.3.rel1.win32_1.0.100.202602081740/tools/bin/../lib/gcc/arm-none-eabi/14.3.1/../../../../arm-none-eabi/lib/thumb/v8-m.main+fp/hard\libc_nano.a(libc_a-strlen.o)
                0x08000294                strlen
 .text          0x080002a4       0x28 C:/ST/STM32CubeIDE_2.2.0/STM32CubeIDE/plugins/com.st.stm32cube.ide.mcu.externaltools.gnu-tools-for-stm32.14.3.rel1.win32_1.0.100.202602081740/tools/bin/../lib/gcc/arm-none-eabi/14.3.1/thumb/v8-m.main+fp/hard\libgcc.a(_popcountsi2.o)
                0x080002a4                __popcountsi2
 *(.text*)
 .text.MX_ADC1_Init
                0x080002cc      0x1d0 ./Core/Src/adc.o
                0x080002cc                MX_ADC1_Init
 .text.HAL_ADC_MspInit
                0x0800049c      0x118 ./Core/Src/adc.o
                0x0800049c                HAL_ADC_MspInit
 .text.HAL_ADC_ConvCpltCallback
                0x080005b4       0x38 ./Core/Src/adc.o
                0x080005b4                HAL_ADC_ConvCpltCallback
 .text.MX_DAC1_Init
                0x080005ec       0x70 ./Core/Src/dac.o
                0x080005ec                MX_DAC1_Init
 .text.HAL_DAC_MspInit
                0x0800065c       0x8c ./Core/Src/dac.o
                0x0800065c                HAL_DAC_MspInit
 .text.MX_GPIO_Init
                0x080006e8      0x188 ./Core/Src/gpio.o
                0x080006e8                MX_GPIO_Init
 .text.MX_I2C2_Init
                0x08000870       0x80 ./Core/Src/i2c.o
                0x08000870                MX_I2C2_Init
 .text.HAL_I2C_MspInit
                0x080008f0       0xd4 ./Core/Src/i2c.o
                0x080008f0                HAL_I2C_MspInit
 .text.MX_ICACHE_Init
                0x080009c4       0x16 ./Core/Src/icache.o
                0x080009c4                MX_ICACHE_Init
 *fill*         0x080009da        0x2 
 .text.MX_LPTIM1_Init
                0x080009dc       0x94 ./Core/Src/lptim.o
                0x080009dc                MX_LPTIM1_Init
 .text.HAL_LPTIM_MspInit
                0x08000a70       0x70 ./Core/Src/lptim.o
                0x08000a70                HAL_LPTIM_MspInit
 .text.HAL_LPTIM_MspPostInit
                0x08000ae0       0x70 ./Core/Src/lptim.o
                0x08000ae0                HAL_LPTIM_MspPostInit
 .text.main     0x08000b50      0x198 ./Core/Src/main.o
                0x08000b50                main
 .text.SystemClock_Config
                0x08000ce8      0x104 ./Core/Src/main.o
                0x08000ce8                SystemClock_Config
 .text.Error_Handler
                0x08000dec        0xc ./Core/Src/main.o
                0x08000dec                Error_Handler
 .text.MX_RNG_Init
                0x08000df8       0x2c ./Core/Src/rng.o
                0x08000df8                MX_RNG_Init
 .text.HAL_RNG_MspInit
                0x08000e24       0x74 ./Core/Src/rng.o
                0x08000e24                HAL_RNG_MspInit
 .text.MX_SPI3_Init
                0x08000e98       0xb0 ./Core/Src/spi.o
                0x08000e98                MX_SPI3_Init
 .text.HAL_SPI_MspInit
                0x08000f48       0xd4 ./Core/Src/spi.o
                0x08000f48                HAL_SPI_MspInit
 .text.HAL_MspInit
                0x0800101c        0xe ./Core/Src/stm32h5xx_hal_msp.o
                0x0800101c                HAL_MspInit
 .text.NMI_Handler
                0x0800102a        0x8 ./Core/Src/stm32h5xx_it.o
                0x0800102a                NMI_Handler
 .text.HardFault_Handler
                0x08001032        0x8 ./Core/Src/stm32h5xx_it.o
                0x08001032                HardFault_Handler
 .text.MemManage_Handler
                0x0800103a        0x8 ./Core/Src/stm32h5xx_it.o
                0x0800103a                MemManage_Handler
 .text.BusFault_Handler
                0x08001042        0x8 ./Core/Src/stm32h5xx_it.o
                0x08001042                BusFault_Handler
 .text.UsageFault_Handler
                0x0800104a        0x8 ./Core/Src/stm32h5xx_it.o
                0x0800104a                UsageFault_Handler
 .text.SVC_Handler
                0x08001052        0xe ./Core/Src/stm32h5xx_it.o
                0x08001052                SVC_Handler
 .text.DebugMon_Handler
                0x08001060        0xe ./Core/Src/stm32h5xx_it.o
                0x08001060                DebugMon_Handler
 .text.PendSV_Handler
                0x0800106e        0xe ./Core/Src/stm32h5xx_it.o
                0x0800106e                PendSV_Handler
 .text.SysTick_Handler
                0x0800107c       0x10 ./Core/Src/stm32h5xx_it.o
                0x0800107c                SysTick_Handler
 .text.ADC1_IRQHandler
                0x0800108c       0x14 ./Core/Src/stm32h5xx_it.o
                0x0800108c                ADC1_IRQHandler
 .text.TIM1_UP_IRQHandler
                0x080010a0       0x14 ./Core/Src/stm32h5xx_it.o
                0x080010a0                TIM1_UP_IRQHandler
 .text.TIM3_IRQHandler
                0x080010b4       0x14 ./Core/Src/stm32h5xx_it.o
                0x080010b4                TIM3_IRQHandler
 .text.TIM6_IRQHandler
                0x080010c8       0x14 ./Core/Src/stm32h5xx_it.o
                0x080010c8                TIM6_IRQHandler
 .text.TIM7_IRQHandler
                0x080010dc       0x14 ./Core/Src/stm32h5xx_it.o
                0x080010dc                TIM7_IRQHandler
 .text.TIM8_UP_IRQHandler
                0x080010f0       0x14 ./Core/Src/stm32h5xx_it.o
                0x080010f0                TIM8_UP_IRQHandler
 .text._sbrk    0x08001104       0x6c ./Core/Src/sysmem.o
                0x08001104                _sbrk
 .text.SystemInit
                0x08001170       0xf8 ./Core/Src/system_stm32h5xx.o
                0x08001170                SystemInit
 .text.MX_TIM1_Init
                0x08001268       0xa8 ./Core/Src/tim.o
                0x08001268                MX_TIM1_Init
 .text.MX_TIM3_Init
                0x08001310       0xac ./Core/Src/tim.o
                0x08001310                MX_TIM3_Init
 .text.MX_TIM6_Init
                0x080013bc       0x6c ./Core/Src/tim.o
                0x080013bc                MX_TIM6_Init
 .text.MX_TIM7_Init
                0x08001428       0x6c ./Core/Src/tim.o
                0x08001428                MX_TIM7_Init
 .text.MX_TIM8_Init
                0x08001494       0xa8 ./Core/Src/tim.o
                0x08001494                MX_TIM8_Init
 .text.MX_TIM12_Init
                0x0800153c       0x74 ./Core/Src/tim.o
                0x0800153c                MX_TIM12_Init
 .text.HAL_TIM_Base_MspInit
                0x080015b0      0x178 ./Core/Src/tim.o
                0x080015b0                HAL_TIM_Base_MspInit
 .text.HAL_TIM_PeriodElapsedCallback
                0x08001728       0xd4 ./Core/Src/tim.o
                0x08001728                HAL_TIM_PeriodElapsedCallback
 .text.Reset_Handler
                0x080017fc       0x50 ./Core/Startup/startup_stm32h533retx.o
                0x080017fc                Reset_Handler
 .text.Default_Handler
                0x0800184c        0x2 ./Core/Startup/startup_stm32h533retx.o
                0x0800184c                EXTI2_IRQHandler
                0x0800184c                TIM8_TRG_COM_IRQHandler
                0x0800184c                TIM8_CC_IRQHandler
                0x0800184c                EXTI5_IRQHandler
                0x0800184c                I3C1_ER_IRQHandler
                0x0800184c                SPI4_IRQHandler
                0x0800184c                GPDMA2_Channel1_IRQHandler
                0x0800184c                FLASH_S_IRQHandler
                0x0800184c                EXTI13_IRQHandler
                0x0800184c                TIM1_CC_IRQHandler
                0x0800184c                GPDMA2_Channel3_IRQHandler
                0x0800184c                TAMP_IRQHandler
                0x0800184c                EXTI12_IRQHandler
                0x0800184c                USB_DRD_FS_IRQHandler
                0x0800184c                EXTI3_IRQHandler
                0x0800184c                GPDMA1_Channel5_IRQHandler
                0x0800184c                EXTI8_IRQHandler
                0x0800184c                GPDMA2_Channel5_IRQHandler
                0x0800184c                LPTIM2_IRQHandler
                0x0800184c                I2C3_ER_IRQHandler
                0x0800184c                GPDMA2_Channel2_IRQHandler
                0x0800184c                EXTI0_IRQHandler
                0x0800184c                I2C2_EV_IRQHandler
                0x0800184c                FPU_IRQHandler
                0x0800184c                GPDMA1_Channel3_IRQHandler
                0x0800184c                GPDMA1_Channel7_IRQHandler
                0x0800184c                FDCAN1_IT1_IRQHandler
                0x0800184c                RAMCFG_IRQHandler
                0x0800184c                DCACHE1_IRQHandler
                0x0800184c                SPI1_IRQHandler
                0x0800184c                OCTOSPI1_IRQHandler
                0x0800184c                GPDMA1_Channel2_IRQHandler
                0x0800184c                RCC_S_IRQHandler
                0x0800184c                PKA_IRQHandler
                0x0800184c                USART6_IRQHandler
                0x0800184c                I3C2_ER_IRQHandler
                0x0800184c                EXTI15_IRQHandler
                0x0800184c                USART3_IRQHandler
                0x0800184c                RTC_IRQHandler
                0x0800184c                EXTI9_IRQHandler
                0x0800184c                UART5_IRQHandler
                0x0800184c                TIM4_IRQHandler
                0x0800184c                I3C2_EV_IRQHandler
                0x0800184c                I2C1_EV_IRQHandler
                0x0800184c                GPDMA1_Channel1_IRQHandler
                0x0800184c                UART4_IRQHandler
                0x0800184c                SecureFault_Handler
                0x0800184c                RCC_IRQHandler
                0x0800184c                TIM1_TRG_COM_IRQHandler
                0x0800184c                Default_Handler
                0x0800184c                CEC_IRQHandler
                0x0800184c                OTFDEC1_IRQHandler
                0x0800184c                GPDMA2_Channel4_IRQHandler
                0x0800184c                TIM12_IRQHandler
                0x0800184c                SDMMC1_IRQHandler
                0x0800184c                SAES_IRQHandler
                0x0800184c                TIM5_IRQHandler
                0x0800184c                UCPD1_IRQHandler
                0x0800184c                GPDMA1_Channel0_IRQHandler
                0x0800184c                I3C1_EV_IRQHandler
                0x0800184c                TIM15_IRQHandler
                0x0800184c                PVD_AVD_IRQHandler
                0x0800184c                I2C3_EV_IRQHandler
                0x0800184c                ADC2_IRQHandler
                0x0800184c                SPI2_IRQHandler
                0x0800184c                EXTI14_IRQHandler
                0x0800184c                EXTI11_IRQHandler
                0x0800184c                CRS_IRQHandler
                0x0800184c                EXTI4_IRQHandler
                0x0800184c                GPDMA2_Channel0_IRQHandler
                0x0800184c                RTC_S_IRQHandler
                0x0800184c                RNG_IRQHandler
                0x0800184c                FDCAN2_IT1_IRQHandler
                0x0800184c                GPDMA2_Channel6_IRQHandler
                0x0800184c                WWDG_IRQHandler
                0x0800184c                FDCAN2_IT0_IRQHandler
                0x0800184c                IWDG_IRQHandler
                0x0800184c                LPUART1_IRQHandler
                0x0800184c                FDCAN1_IT0_IRQHandler
                0x0800184c                TIM2_IRQHandler
                0x0800184c                GPDMA1_Channel4_IRQHandler
                0x0800184c                EXTI7_IRQHandler
                0x0800184c                TIM1_BRK_IRQHandler
                0x0800184c                EXTI1_IRQHandler
                0x0800184c                AES_IRQHandler
                0x0800184c                DAC1_IRQHandler
                0x0800184c                DTS_IRQHandler
                0x0800184c                GTZC_IRQHandler
                0x0800184c                USART2_IRQHandler
                0x0800184c                GPDMA1_Channel6_IRQHandler
                0x0800184c                GPDMA2_Channel7_IRQHandler
                0x0800184c                I2C2_ER_IRQHandler
                0x0800184c                TIM8_BRK_IRQHandler
                0x0800184c                FLASH_IRQHandler
                0x0800184c                USART1_IRQHandler
                0x0800184c                EXTI10_IRQHandler
                0x0800184c                SPI3_IRQHandler
                0x0800184c                I2C1_ER_IRQHandler
                0x0800184c                FMC_IRQHandler
                0x0800184c                EXTI6_IRQHandler
                0x0800184c                LPTIM1_IRQHandler
                0x0800184c                DCMI_PSSI_IRQHandler
                0x0800184c                ICACHE_IRQHandler
                0x0800184c                HASH_IRQHandler
 *fill*         0x0800184e        0x2 
 .text.ST7735_RegisterBusIO
                0x08001850       0xa8 ./Drivers/BSP/ST7735/st7735.o
                0x08001850                ST7735_RegisterBusIO
 .text.ST7735_Init
                0x080018f8      0x77e ./Drivers/BSP/ST7735/st7735.o
                0x080018f8                ST7735_Init
 .text.ST7735_DeInit
                0x08002076       0x16 ./Drivers/BSP/ST7735/st7735.o
                0x08002076                ST7735_DeInit
 .text.ST7735_ReadID
                0x0800208c       0x8e ./Drivers/BSP/ST7735/st7735.o
                0x0800208c                ST7735_ReadID
 *fill*         0x0800211a        0x2 
 .text.ST7735_DisplayOn
                0x0800211c       0xc8 ./Drivers/BSP/ST7735/st7735.o
                0x0800211c                ST7735_DisplayOn
 .text.ST7735_DisplayOff
                0x080021e4       0xc8 ./Drivers/BSP/ST7735/st7735.o
                0x080021e4                ST7735_DisplayOff
 .text.ST7735_SetBrightness
                0x080022ac       0x1a ./Drivers/BSP/ST7735/st7735.o
                0x080022ac                ST7735_SetBrightness
 .text.ST7735_GetBrightness
                0x080022c6       0x1a ./Drivers/BSP/ST7735/st7735.o
                0x080022c6                ST7735_GetBrightness
 .text.ST7735_SetOrientation
                0x080022e0      0x11c ./Drivers/BSP/ST7735/st7735.o
                0x080022e0                ST7735_SetOrientation
 .text.ST7735_GetOrientation
                0x080023fc       0x24 ./Drivers/BSP/ST7735/st7735.o
                0x080023fc                ST7735_GetOrientation
 .text.ST7735_SetCursor
                0x08002420      0x190 ./Drivers/BSP/ST7735/st7735.o
                0x08002420                ST7735_SetCursor
 .text.ST7735_DrawBitmap
                0x080025b0      0x214 ./Drivers/BSP/ST7735/st7735.o
                0x080025b0                ST7735_DrawBitmap
 .text.ST7735_FillRGBRect
                0x080027c4       0xd0 ./Drivers/BSP/ST7735/st7735.o
                0x080027c4                ST7735_FillRGBRect
 .text.ST7735_DrawHLine
                0x08002894       0xa0 ./Drivers/BSP/ST7735/st7735.o
                0x08002894                ST7735_DrawHLine
 .text.ST7735_DrawVLine
                0x08002934       0x68 ./Drivers/BSP/ST7735/st7735.o
                0x08002934                ST7735_DrawVLine
 .text.ST7735_FillRect
                0x0800299c       0x58 ./Drivers/BSP/ST7735/st7735.o
                0x0800299c                ST7735_FillRect
 .text.ST7735_SetPixel
                0x080029f4       0x88 ./Drivers/BSP/ST7735/st7735.o
                0x080029f4                ST7735_SetPixel
 .text.ST7735_GetPixel
                0x08002a7c       0x9e ./Drivers/BSP/ST7735/st7735.o
                0x08002a7c                ST7735_GetPixel
 *fill*         0x08002b1a        0x2 
 .text.ST7735_GetXSize
                0x08002b1c       0x24 ./Drivers/BSP/ST7735/st7735.o
                0x08002b1c                ST7735_GetXSize
 .text.ST7735_GetYSize
                0x08002b40       0x24 ./Drivers/BSP/ST7735/st7735.o
                0x08002b40                ST7735_GetYSize
 .text.ST7735_SetDisplayWindow
                0x08002b64      0x208 ./Drivers/BSP/ST7735/st7735.o
 .text.ST7735_ReadRegWrap
                0x08002d6c       0x28 ./Drivers/BSP/ST7735/st7735.o
 .text.ST7735_WriteRegWrap
                0x08002d94       0x2a ./Drivers/BSP/ST7735/st7735.o
 .text.ST7735_SendDataWrap
                0x08002dbe       0x24 ./Drivers/BSP/ST7735/st7735.o
 .text.ST7735_RecvDataWrap
                0x08002de2       0x24 ./Drivers/BSP/ST7735/st7735.o
 .text.ST7735_IO_Delay
                0x08002e06       0x34 ./Drivers/BSP/ST7735/st7735.o
 *fill*         0x08002e3a        0x2 
 .text.ST7735_WRAPPER_Test
                0x08002e3c       0x8c ./Drivers/BSP/ST7735/st7735_lcd.o
                0x08002e3c                ST7735_WRAPPER_Test
 .text.ST7735_WRAPPER_SetBrightness
                0x08002ec8       0x38 ./Drivers/BSP/ST7735/st7735_lcd.o
                0x08002ec8                ST7735_WRAPPER_SetBrightness
 .text.ST7735_WRAPPER_GetBrightness
                0x08002f00       0x30 ./Drivers/BSP/ST7735/st7735_lcd.o
                0x08002f00                ST7735_WRAPPER_GetBrightness
 .text.ST7735_WRAPPER_Light
                0x08002f30       0xee ./Drivers/BSP/ST7735/st7735_lcd.o
                0x08002f30                ST7735_WRAPPER_Light
 *fill*         0x0800301e        0x2 
 .text.ST7735_WRAPPER_ShowChar
                0x08003020      0x42c ./Drivers/BSP/ST7735/st7735_lcd.o
                0x08003020                ST7735_WRAPPER_ShowChar
 .text.LCD_init
                0x0800344c       0x20 ./Drivers/BSP/ST7735/st7735_lcd.o
 .text.LCD_gettick
                0x0800346c        0xe ./Drivers/BSP/ST7735/st7735_lcd.o
 *fill*         0x0800347a        0x2 
 .text.LCD_writereg
                0x0800347c       0x90 ./Drivers/BSP/ST7735/st7735_lcd.o
 .text.LCD_readreg
                0x0800350c       0x84 ./Drivers/BSP/ST7735/st7735_lcd.o
 .text.LCD_senddata
                0x08003590       0x54 ./Drivers/BSP/ST7735/st7735_lcd.o
 .text.LCD_recvdata
                0x080035e4       0x54 ./Drivers/BSP/ST7735/st7735_lcd.o
 .text.ST7735_WRAPPER_Clear
                0x08003638       0x48 ./Drivers/BSP/ST7735/st7735_lcd.o
                0x08003638                ST7735_WRAPPER_Clear
 .text.st7735_read_reg
                0x08003680       0x26 ./Drivers/BSP/ST7735/st7735_reg.o
                0x08003680                st7735_read_reg
 .text.st7735_write_reg
                0x080036a6       0x2a ./Drivers/BSP/ST7735/st7735_reg.o
                0x080036a6                st7735_write_reg
 .text.st7735_send_data
                0x080036d0       0x24 ./Drivers/BSP/ST7735/st7735_reg.o
                0x080036d0                st7735_send_data
 .text.st7735_recv_data
                0x080036f4       0x24 ./Drivers/BSP/ST7735/st7735_reg.o
                0x080036f4                st7735_recv_data
 .text.ST7789_RegisterBusIO
                0x08003718       0xa4 ./Drivers/BSP/ST7789/st7789.o
                0x08003718                ST7789_RegisterBusIO
 .text.ST7789_Init
                0x080037bc       0xae ./Drivers/BSP/ST7789/st7789.o
                0x080037bc                ST7789_Init
 *fill*         0x0800386a        0x2 
 .text.ST7789_SetOrientation
                0x0800386c       0xcc ./Drivers/BSP/ST7789/st7789.o
                0x0800386c                ST7789_SetOrientation
 .text.ST7789_SetDisplayWindow
                0x08003938      0x130 ./Drivers/BSP/ST7789/st7789.o
 .text.ST7789_SetCursor
                0x08003a68       0x26 ./Drivers/BSP/ST7789/st7789.o
                0x08003a68                ST7789_SetCursor
 *fill*         0x08003a8e        0x2 
 .text.ST7789_FillRGBRect
                0x08003a90       0x64 ./Drivers/BSP/ST7789/st7789.o
                0x08003a90                ST7789_FillRGBRect
 .text.ST7789_FillRect
                0x08003af4       0xfc ./Drivers/BSP/ST7789/st7789.o
                0x08003af4                ST7789_FillRect
 .text.ST7789_DrawHLine
                0x08003bf0       0x2c ./Drivers/BSP/ST7789/st7789.o
                0x08003bf0                ST7789_DrawHLine
 .text.ST7789_DrawVLine
                0x08003c1c       0x2c ./Drivers/BSP/ST7789/st7789.o
                0x08003c1c                ST7789_DrawVLine
 .text.ST7789_SetPixel
                0x08003c48       0x2c ./Drivers/BSP/ST7789/st7789.o
                0x08003c48                ST7789_SetPixel
 .text.ST7789_DeInit
                0x08003c74       0x16 ./Drivers/BSP/ST7789/st7789.o
                0x08003c74                ST7789_DeInit
 .text.ST7789_ReadID
                0x08003c8a       0x1e ./Drivers/BSP/ST7789/st7789.o
                0x08003c8a                ST7789_ReadID
 .text.ST7789_DisplayOn
                0x08003ca8       0x16 ./Drivers/BSP/ST7789/st7789.o
                0x08003ca8                ST7789_DisplayOn
 .text.ST7789_DisplayOff
                0x08003cbe       0x16 ./Drivers/BSP/ST7789/st7789.o
                0x08003cbe                ST7789_DisplayOff
 .text.ST7789_SetBrightness
                0x08003cd4       0x1a ./Drivers/BSP/ST7789/st7789.o
                0x08003cd4                ST7789_SetBrightness
 .text.ST7789_GetBrightness
                0x08003cee       0x1a ./Drivers/BSP/ST7789/st7789.o
                0x08003cee                ST7789_GetBrightness
 .text.ST7789_GetOrientation
                0x08003d08       0x24 ./Drivers/BSP/ST7789/st7789.o
                0x08003d08                ST7789_GetOrientation
 .text.ST7789_DrawBitmap
                0x08003d2c       0x1c ./Drivers/BSP/ST7789/st7789.o
                0x08003d2c                ST7789_DrawBitmap
 .text.ST7789_GetPixel
                0x08003d48       0x1c ./Drivers/BSP/ST7789/st7789.o
                0x08003d48                ST7789_GetPixel
 .text.ST7789_GetXSize
                0x08003d64       0x24 ./Drivers/BSP/ST7789/st7789.o
                0x08003d64                ST7789_GetXSize
 .text.ST7789_GetYSize
                0x08003d88       0x24 ./Drivers/BSP/ST7789/st7789.o
                0x08003d88                ST7789_GetYSize
 .text.ST7789_ReadRegWrap
                0x08003dac       0x24 ./Drivers/BSP/ST7789/st7789.o
 .text.ST7789_WriteRegWrap
                0x08003dd0       0x26 ./Drivers/BSP/ST7789/st7789.o
 .text.ST7789_SendDataWrap
                0x08003df6       0x20 ./Drivers/BSP/ST7789/st7789.o
 .text.ST7789_RecvDataWrap
                0x08003e16       0x20 ./Drivers/BSP/ST7789/st7789.o
 .text.ST7789_IO_Delay
                0x08003e36       0x34 ./Drivers/BSP/ST7789/st7789.o
 *fill*         0x08003e6a        0x2 
 .text.ST7789_WRAPPER_Test
                0x08003e6c       0x6c ./Drivers/BSP/ST7789/st7789_lcd.o
                0x08003e6c                ST7789_WRAPPER_Test
 .text.ST7789_WRAPPER_SetBrightness
                0x08003ed8       0x38 ./Drivers/BSP/ST7789/st7789_lcd.o
                0x08003ed8                ST7789_WRAPPER_SetBrightness
 .text.ST7789_WRAPPER_GetBrightness
                0x08003f10       0x30 ./Drivers/BSP/ST7789/st7789_lcd.o
                0x08003f10                ST7789_WRAPPER_GetBrightness
 .text.ST7789_WRAPPER_Light
                0x08003f40       0xee ./Drivers/BSP/ST7789/st7789_lcd.o
                0x08003f40                ST7789_WRAPPER_Light
 *fill*         0x0800402e        0x2 
 .text.LCD_init
                0x08004030       0x18 ./Drivers/BSP/ST7789/st7789_lcd.o
 .text.LCD_gettick
                0x08004048        0xe ./Drivers/BSP/ST7789/st7789_lcd.o
 *fill*         0x08004056        0x2 
 .text.LCD_writereg
                0x08004058       0xb4 ./Drivers/BSP/ST7789/st7789_lcd.o
 .text.LCD_readreg
                0x0800410c       0x80 ./Drivers/BSP/ST7789/st7789_lcd.o
 .text.LCD_senddata
                0x0800418c       0x74 ./Drivers/BSP/ST7789/st7789_lcd.o
 .text.LCD_recvdata
                0x08004200       0x74 ./Drivers/BSP/ST7789/st7789_lcd.o
 .text.HAL_Init
                0x08004274       0x50 ./Drivers/STM32H5xx_HAL_Driver/Src/stm32h5xx_hal.o
                0x08004274                HAL_Init
 .text.HAL_InitTick
                0x080042c4       0xec ./Drivers/STM32H5xx_HAL_Driver/Src/stm32h5xx_hal.o
                0x080042c4                HAL_InitTick
 .text.HAL_IncTick
                0x080043b0       0x28 ./Drivers/STM32H5xx_HAL_Driver/Src/stm32h5xx_hal.o
                0x080043b0                HAL_IncTick
 .text.HAL_GetTick
                0x080043d8       0x18 ./Drivers/STM32H5xx_HAL_Driver/Src/stm32h5xx_hal.o
                0x080043d8                HAL_GetTick
 .text.HAL_Delay
                0x080043f0       0x48 ./Drivers/STM32H5xx_HAL_Driver/Src/stm32h5xx_hal.o
                0x080043f0                HAL_Delay
 .text.LL_ADC_SetCommonClock
                0x08004438       0x26 ./Drivers/STM32H5xx_HAL_Driver/Src/stm32h5xx_hal_adc.o
 .text.LL_ADC_SetCommonPathInternalCh
                0x0800445e       0x26 ./Drivers/STM32H5xx_HAL_Driver/Src/stm32h5xx_hal_adc.o
 .text.LL_ADC_GetCommonPathInternalCh
                0x08004484       0x1c ./Drivers/STM32H5xx_HAL_Driver/Src/stm32h5xx_hal_adc.o
 .text.LL_ADC_EnableChannelVDDcore
                0x080044a0       0x24 ./Drivers/STM32H5xx_HAL_Driver/Src/stm32h5xx_hal_adc.o
 .text.LL_ADC_EnableChannel0_GPIO
                0x080044c4       0x28 ./Drivers/STM32H5xx_HAL_Driver/Src/stm32h5xx_hal_adc.o
 .text.LL_ADC_SetOffset
                0x080044ec       0x48 ./Drivers/STM32H5xx_HAL_Driver/Src/stm32h5xx_hal_adc.o
 .text.LL_ADC_GetOffsetChannel
                0x08004534       0x2c ./Drivers/STM32H5xx_HAL_Driver/Src/stm32h5xx_hal_adc.o
 .text.LL_ADC_SetOffsetState
                0x08004560       0x36 ./Drivers/STM32H5xx_HAL_Driver/Src/stm32h5xx_hal_adc.o
 .text.LL_ADC_SetOffsetSign
                0x08004596       0x36 ./Drivers/STM32H5xx_HAL_Driver/Src/stm32h5xx_hal_adc.o
 .text.LL_ADC_SetOffsetSaturation
                0x080045cc       0x36 ./Drivers/STM32H5xx_HAL_Driver/Src/stm32h5xx_hal_adc.o
 .text.LL_ADC_SetSamplingTimeCommonConfig
                0x08004602       0x26 ./Drivers/STM32H5xx_HAL_Driver/Src/stm32h5xx_hal_adc.o
 .text.LL_ADC_REG_IsTriggerSourceSWStart
                0x08004628       0x26 ./Drivers/STM32H5xx_HAL_Driver/Src/stm32h5xx_hal_adc.o
 .text.LL_ADC_REG_SetSequencerRanks
                0x0800464e       0x58 ./Drivers/STM32H5xx_HAL_Driver/Src/stm32h5xx_hal_adc.o
 .text.LL_ADC_INJ_IsTriggerSourceSWStart
                0x080046a6       0x26 ./Drivers/STM32H5xx_HAL_Driver/Src/stm32h5xx_hal_adc.o
 .text.LL_ADC_SetChannelSamplingTime
                0x080046cc       0x56 ./Drivers/STM32H5xx_HAL_Driver/Src/stm32h5xx_hal_adc.o
 *fill*         0x08004722        0x2 
 .text.LL_ADC_SetChannelSingleDiff
                0x08004724       0x48 ./Drivers/STM32H5xx_HAL_Driver/Src/stm32h5xx_hal_adc.o
 .text.LL_ADC_GetMultimode
                0x0800476c       0x1c ./Drivers/STM32H5xx_HAL_Driver/Src/stm32h5xx_hal_adc.o
 .text.LL_ADC_GetMultiDMATransfer
                0x08004788       0x1c ./Drivers/STM32H5xx_HAL_Driver/Src/stm32h5xx_hal_adc.o
 .text.LL_ADC_DisableDeepPowerDown
                0x080047a4       0x24 ./Drivers/STM32H5xx_HAL_Driver/Src/stm32h5xx_hal_adc.o
 .text.LL_ADC_IsDeepPowerDownEnabled
                0x080047c8       0x28 ./Drivers/STM32H5xx_HAL_Driver/Src/stm32h5xx_hal_adc.o
 .text.LL_ADC_EnableInternalRegulator
                0x080047f0       0x28 ./Drivers/STM32H5xx_HAL_Driver/Src/stm32h5xx_hal_adc.o
 .text.LL_ADC_IsInternalRegulatorEnabled
                0x08004818       0x28 ./Drivers/STM32H5xx_HAL_Driver/Src/stm32h5xx_hal_adc.o
 .text.LL_ADC_Enable
                0x08004840       0x28 ./Drivers/STM32H5xx_HAL_Driver/Src/stm32h5xx_hal_adc.o
 .text.LL_ADC_Disable
                0x08004868       0x28 ./Drivers/STM32H5xx_HAL_Driver/Src/stm32h5xx_hal_adc.o
 .text.LL_ADC_IsEnabled
                0x08004890       0x26 ./Drivers/STM32H5xx_HAL_Driver/Src/stm32h5xx_hal_adc.o
 .text.LL_ADC_IsDisableOngoing
                0x080048b6       0x26 ./Drivers/STM32H5xx_HAL_Driver/Src/stm32h5xx_hal_adc.o
 .text.LL_ADC_REG_StartConversion
                0x080048dc       0x28 ./Drivers/STM32H5xx_HAL_Driver/Src/stm32h5xx_hal_adc.o
 .text.LL_ADC_REG_StopConversion
                0x08004904       0x28 ./Drivers/STM32H5xx_HAL_Driver/Src/stm32h5xx_hal_adc.o
 .text.LL_ADC_REG_IsConversionOngoing
                0x0800492c       0x26 ./Drivers/STM32H5xx_HAL_Driver/Src/stm32h5xx_hal_adc.o
 .text.LL_ADC_INJ_StopConversion
                0x08004952       0x28 ./Drivers/STM32H5xx_HAL_Driver/Src/stm32h5xx_hal_adc.o
 .text.LL_ADC_INJ_IsConversionOngoing
                0x0800497a       0x26 ./Drivers/STM32H5xx_HAL_Driver/Src/stm32h5xx_hal_adc.o
 .text.HAL_ADC_Init
                0x080049a0      0x2a8 ./Drivers/STM32H5xx_HAL_Driver/Src/stm32h5xx_hal_adc.o
                0x080049a0                HAL_ADC_Init
 .text.HAL_ADC_Start_IT
                0x08004c48      0x25c ./Drivers/STM32H5xx_HAL_Driver/Src/stm32h5xx_hal_adc.o
                0x08004c48                HAL_ADC_Start_IT
 .text.HAL_ADC_Stop_IT
                0x08004ea4       0x76 ./Drivers/STM32H5xx_HAL_Driver/Src/stm32h5xx_hal_adc.o
                0x08004ea4                HAL_ADC_Stop_IT
 .text.HAL_ADC_GetValue
                0x08004f1a       0x1a ./Drivers/STM32H5xx_HAL_Driver/Src/stm32h5xx_hal_adc.o
                0x08004f1a                HAL_ADC_GetValue
 .text.HAL_ADC_IRQHandler
                0x08004f34      0x434 ./Drivers/STM32H5xx_HAL_Driver/Src/stm32h5xx_hal_adc.o
                0x08004f34                HAL_ADC_IRQHandler
 .text.HAL_ADC_LevelOutOfWindowCallback
                0x08005368       0x14 ./Drivers/STM32H5xx_HAL_Driver/Src/stm32h5xx_hal_adc.o
                0x08005368                HAL_ADC_LevelOutOfWindowCallback
 .text.HAL_ADC_ErrorCallback
                0x0800537c       0x14 ./Drivers/STM32H5xx_HAL_Driver/Src/stm32h5xx_hal_adc.o
                0x0800537c                HAL_ADC_ErrorCallback
 .text.HAL_ADC_ConfigChannel
                0x08005390      0x820 ./Drivers/STM32H5xx_HAL_Driver/Src/stm32h5xx_hal_adc.o
                0x08005390                HAL_ADC_ConfigChannel
 .text.ADC_ConversionStop
                0x08005bb0      0x178 ./Drivers/STM32H5xx_HAL_Driver/Src/stm32h5xx_hal_adc.o
                0x08005bb0                ADC_ConversionStop
 .text.ADC_Enable
                0x08005d28      0x104 ./Drivers/STM32H5xx_HAL_Driver/Src/stm32h5xx_hal_adc.o
                0x08005d28                ADC_Enable
 .text.ADC_Disable
                0x08005e2c       0xbe ./Drivers/STM32H5xx_HAL_Driver/Src/stm32h5xx_hal_adc.o
                0x08005e2c                ADC_Disable
 .text.LL_ADC_StartCalibration
                0x08005eea       0x32 ./Drivers/STM32H5xx_HAL_Driver/Src/stm32h5xx_hal_adc_ex.o
 .text.LL_ADC_IsCalibrationOnGoing
                0x08005f1c       0x28 ./Drivers/STM32H5xx_HAL_Driver/Src/stm32h5xx_hal_adc_ex.o
 .text.HAL_ADCEx_Calibration_Start
                0x08005f44       0xc4 ./Drivers/STM32H5xx_HAL_Driver/Src/stm32h5xx_hal_adc_ex.o
                0x08005f44                HAL_ADCEx_Calibration_Start
 .text.HAL_ADCEx_InjectedConvCpltCallback
                0x08006008       0x14 ./Drivers/STM32H5xx_HAL_Driver/Src/stm32h5xx_hal_adc_ex.o
                0x08006008                HAL_ADCEx_InjectedConvCpltCallback
 .text.HAL_ADCEx_InjectedQueueOverflowCallback
                0x0800601c       0x14 ./Drivers/STM32H5xx_HAL_Driver/Src/stm32h5xx_hal_adc_ex.o
                0x0800601c                HAL_ADCEx_InjectedQueueOverflowCallback
 .text.HAL_ADCEx_LevelOutOfWindow2Callback
                0x08006030       0x14 ./Drivers/STM32H5xx_HAL_Driver/Src/stm32h5xx_hal_adc_ex.o
                0x08006030                HAL_ADCEx_LevelOutOfWindow2Callback
 .text.HAL_ADCEx_LevelOutOfWindow3Callback
                0x08006044       0x14 ./Drivers/STM32H5xx_HAL_Driver/Src/stm32h5xx_hal_adc_ex.o
                0x08006044                HAL_ADCEx_LevelOutOfWindow3Callback
 .text.HAL_ADCEx_EndOfSamplingCallback
                0x08006058       0x14 ./Drivers/STM32H5xx_HAL_Driver/Src/stm32h5xx_hal_adc_ex.o
                0x08006058                HAL_ADCEx_EndOfSamplingCallback
 .text.__NVIC_SetPriorityGrouping
                0x0800606c       0x48 ./Drivers/STM32H5xx_HAL_Driver/Src/stm32h5xx_hal_cortex.o
 .text.__NVIC_GetPriorityGrouping
                0x080060b4       0x1c ./Drivers/STM32H5xx_HAL_Driver/Src/stm32h5xx_hal_cortex.o
 .text.__NVIC_EnableIRQ
                0x080060d0       0x3c ./Drivers/STM32H5xx_HAL_Driver/Src/stm32h5xx_hal_cortex.o
 .text.__NVIC_SetPriority
                0x0800610c       0x54 ./Drivers/STM32H5xx_HAL_Driver/Src/stm32h5xx_hal_cortex.o
 .text.NVIC_EncodePriority
                0x08006160       0x66 ./Drivers/STM32H5xx_HAL_Driver/Src/stm32h5xx_hal_cortex.o
 .text.HAL_NVIC_SetPriorityGrouping
                0x080061c6       0x16 ./Drivers/STM32H5xx_HAL_Driver/Src/stm32h5xx_hal_cortex.o
                0x080061c6                HAL_NVIC_SetPriorityGrouping
 .text.HAL_NVIC_SetPriority
                0x080061dc       0x34 ./Drivers/STM32H5xx_HAL_Driver/Src/stm32h5xx_hal_cortex.o
                0x080061dc                HAL_NVIC_SetPriority
 .text.HAL_NVIC_EnableIRQ
                0x08006210       0x1c ./Drivers/STM32H5xx_HAL_Driver/Src/stm32h5xx_hal_cortex.o
                0x08006210                HAL_NVIC_EnableIRQ
 .text.HAL_SYSTICK_Config
                0x0800622c       0x44 ./Drivers/STM32H5xx_HAL_Driver/Src/stm32h5xx_hal_cortex.o
                0x0800622c                HAL_SYSTICK_Config
 .text.HAL_SYSTICK_CLKSourceConfig
                0x08006270       0xb0 ./Drivers/STM32H5xx_HAL_Driver/Src/stm32h5xx_hal_cortex.o
                0x08006270                HAL_SYSTICK_CLKSourceConfig
 .text.HAL_SYSTICK_GetCLKSourceConfig
                0x08006320       0x6c ./Drivers/STM32H5xx_HAL_Driver/Src/stm32h5xx_hal_cortex.o
                0x08006320                HAL_SYSTICK_GetCLKSourceConfig
 .text.HAL_DAC_Init
                0x0800638c       0x44 ./Drivers/STM32H5xx_HAL_Driver/Src/stm32h5xx_hal_dac.o
                0x0800638c                HAL_DAC_Init
 .text.HAL_DAC_Start
                0x080063d0       0xd8 ./Drivers/STM32H5xx_HAL_Driver/Src/stm32h5xx_hal_dac.o
                0x080063d0                HAL_DAC_Start
 .text.HAL_DAC_Stop
                0x080064a8       0x44 ./Drivers/STM32H5xx_HAL_Driver/Src/stm32h5xx_hal_dac.o
                0x080064a8                HAL_DAC_Stop
 .text.HAL_DAC_SetValue
                0x080064ec       0x5a ./Drivers/STM32H5xx_HAL_Driver/Src/stm32h5xx_hal_dac.o
                0x080064ec                HAL_DAC_SetValue
 *fill*         0x08006546        0x2 
 .text.HAL_DAC_ConfigChannel
                0x08006548      0x32c ./Drivers/STM32H5xx_HAL_Driver/Src/stm32h5xx_hal_dac.o
                0x08006548                HAL_DAC_ConfigChannel
 .text.HAL_GPIO_Init
                0x08006874      0x2bc ./Drivers/STM32H5xx_HAL_Driver/Src/stm32h5xx_hal_gpio.o
                0x08006874                HAL_GPIO_Init
 .text.HAL_GPIO_ReadPin
                0x08006b30       0x30 ./Drivers/STM32H5xx_HAL_Driver/Src/stm32h5xx_hal_gpio.o
                0x08006b30                HAL_GPIO_ReadPin
 .text.HAL_GPIO_WritePin
                0x08006b60       0x30 ./Drivers/STM32H5xx_HAL_Driver/Src/stm32h5xx_hal_gpio.o
                0x08006b60                HAL_GPIO_WritePin
 .text.HAL_I2C_Init
                0x08006b90      0x136 ./Drivers/STM32H5xx_HAL_Driver/Src/stm32h5xx_hal_i2c.o
                0x08006b90                HAL_I2C_Init
 .text.HAL_I2CEx_ConfigAnalogFilter
                0x08006cc6       0x96 ./Drivers/STM32H5xx_HAL_Driver/Src/stm32h5xx_hal_i2c_ex.o
                0x08006cc6                HAL_I2CEx_ConfigAnalogFilter
 .text.HAL_I2CEx_ConfigDigitalFilter
                0x08006d5c       0x98 ./Drivers/STM32H5xx_HAL_Driver/Src/stm32h5xx_hal_i2c_ex.o
                0x08006d5c                HAL_I2CEx_ConfigDigitalFilter
 .text.HAL_ICACHE_Enable
                0x08006df4       0x20 ./Drivers/STM32H5xx_HAL_Driver/Src/stm32h5xx_hal_icache.o
                0x08006df4                HAL_ICACHE_Enable
 .text.HAL_LPTIM_Init
                0x08006e14      0x1e0 ./Drivers/STM32H5xx_HAL_Driver/Src/stm32h5xx_hal_lptim.o
                0x08006e14                HAL_LPTIM_Init
 .text.HAL_LPTIM_PWM_Start
                0x08006ff4       0xd4 ./Drivers/STM32H5xx_HAL_Driver/Src/stm32h5xx_hal_lptim.o
                0x08006ff4                HAL_LPTIM_PWM_Start
 .text.HAL_LPTIM_OC_ConfigChannel
                0x080070c8       0x66 ./Drivers/STM32H5xx_HAL_Driver/Src/stm32h5xx_hal_lptim.o
                0x080070c8                HAL_LPTIM_OC_ConfigChannel
 *fill*         0x0800712e        0x2 
 .text.LPTIM_WaitForFlag
                0x08007130       0x60 ./Drivers/STM32H5xx_HAL_Driver/Src/stm32h5xx_hal_lptim.o
 .text.LPTIM_OC1_SetConfig
                0x08007190       0x98 ./Drivers/STM32H5xx_HAL_Driver/Src/stm32h5xx_hal_lptim.o
 .text.LPTIM_OC2_SetConfig
                0x08007228       0x9c ./Drivers/STM32H5xx_HAL_Driver/Src/stm32h5xx_hal_lptim.o
 .text.HAL_PWR_EnableBkUpAccess
                0x080072c4       0x20 ./Drivers/STM32H5xx_HAL_Driver/Src/stm32h5xx_hal_pwr.o
                0x080072c4                HAL_PWR_EnableBkUpAccess
 .text.HAL_RCC_OscConfig
                0x080072e4      0x870 ./Drivers/STM32H5xx_HAL_Driver/Src/stm32h5xx_hal_rcc.o
                0x080072e4                HAL_RCC_OscConfig
 .text.HAL_RCC_ClockConfig
                0x08007b54      0x370 ./Drivers/STM32H5xx_HAL_Driver/Src/stm32h5xx_hal_rcc.o
                0x08007b54                HAL_RCC_ClockConfig
 .text.HAL_RCC_GetSysClockFreq
                0x08007ec4      0x258 ./Drivers/STM32H5xx_HAL_Driver/Src/stm32h5xx_hal_rcc.o
                0x08007ec4                HAL_RCC_GetSysClockFreq
 .text.HAL_RCC_GetHCLKFreq
                0x0800811c       0x38 ./Drivers/STM32H5xx_HAL_Driver/Src/stm32h5xx_hal_rcc.o
                0x0800811c                HAL_RCC_GetHCLKFreq
 .text.HAL_RCCEx_PeriphCLKConfig
                0x08008154     0x1380 ./Drivers/STM32H5xx_HAL_Driver/Src/stm32h5xx_hal_rcc_ex.o
                0x08008154                HAL_RCCEx_PeriphCLKConfig
 .text.RCCEx_PLL2_Config
                0x080094d4      0x130 ./Drivers/STM32H5xx_HAL_Driver/Src/stm32h5xx_hal_rcc_ex.o
 .text.RCCEx_PLL3_Config
                0x08009604      0x130 ./Drivers/STM32H5xx_HAL_Driver/Src/stm32h5xx_hal_rcc_ex.o
 .text.HAL_RNG_Init
                0x08009734      0x130 ./Drivers/STM32H5xx_HAL_Driver/Src/stm32h5xx_hal_rng.o
                0x08009734                HAL_RNG_Init
 .text.HAL_SPI_Init
                0x08009864      0x258 ./Drivers/STM32H5xx_HAL_Driver/Src/stm32h5xx_hal_spi.o
                0x08009864                HAL_SPI_Init
 .text.HAL_SPI_Transmit
                0x08009abc      0x438 ./Drivers/STM32H5xx_HAL_Driver/Src/stm32h5xx_hal_spi.o
                0x08009abc                HAL_SPI_Transmit
 .text.HAL_SPI_Receive
                0x08009ef4      0x544 ./Drivers/STM32H5xx_HAL_Driver/Src/stm32h5xx_hal_spi.o
                0x08009ef4                HAL_SPI_Receive
 .text.SPI_CloseTransfer
                0x0800a438      0x140 ./Drivers/STM32H5xx_HAL_Driver/Src/stm32h5xx_hal_spi.o
 .text.SPI_WaitOnFlagUntilTimeout
                0x0800a578       0x5c ./Drivers/STM32H5xx_HAL_Driver/Src/stm32h5xx_hal_spi.o
 .text.SPI_GetPacketSize
                0x0800a5d4       0x36 ./Drivers/STM32H5xx_HAL_Driver/Src/stm32h5xx_hal_spi.o
 .text.HAL_TIM_Base_Init
                0x0800a60a       0xae ./Drivers/STM32H5xx_HAL_Driver/Src/stm32h5xx_hal_tim.o
                0x0800a60a                HAL_TIM_Base_Init
 .text.HAL_TIM_Base_Start_IT
                0x0800a6b8      0x15c ./Drivers/STM32H5xx_HAL_Driver/Src/stm32h5xx_hal_tim.o
                0x0800a6b8                HAL_TIM_Base_Start_IT
 .text.HAL_TIM_Base_Stop_IT
                0x0800a814       0x5e ./Drivers/STM32H5xx_HAL_Driver/Src/stm32h5xx_hal_tim.o
                0x0800a814                HAL_TIM_Base_Stop_IT
 .text.HAL_TIM_OnePulse_Init
                0x0800a872       0xa0 ./Drivers/STM32H5xx_HAL_Driver/Src/stm32h5xx_hal_tim.o
                0x0800a872                HAL_TIM_OnePulse_Init
 .text.HAL_TIM_OnePulse_MspInit
                0x0800a912       0x14 ./Drivers/STM32H5xx_HAL_Driver/Src/stm32h5xx_hal_tim.o
                0x0800a912                HAL_TIM_OnePulse_MspInit
 .text.HAL_TIM_IRQHandler
                0x0800a926      0x29e ./Drivers/STM32H5xx_HAL_Driver/Src/stm32h5xx_hal_tim.o
                0x0800a926                HAL_TIM_IRQHandler
 .text.HAL_TIM_GenerateEvent
                0x0800abc4       0x4e ./Drivers/STM32H5xx_HAL_Driver/Src/stm32h5xx_hal_tim.o
                0x0800abc4                HAL_TIM_GenerateEvent
 *fill*         0x0800ac12        0x2 
 .text.HAL_TIM_ConfigClockSource
                0x0800ac14      0x23c ./Drivers/STM32H5xx_HAL_Driver/Src/stm32h5xx_hal_tim.o
                0x0800ac14                HAL_TIM_ConfigClockSource
 .text.HAL_TIM_OC_DelayElapsedCallback
                0x0800ae50       0x14 ./Drivers/STM32H5xx_HAL_Driver/Src/stm32h5xx_hal_tim.o
                0x0800ae50                HAL_TIM_OC_DelayElapsedCallback
 .text.HAL_TIM_IC_CaptureCallback
                0x0800ae64       0x14 ./Drivers/STM32H5xx_HAL_Driver/Src/stm32h5xx_hal_tim.o
                0x0800ae64                HAL_TIM_IC_CaptureCallback
 .text.HAL_TIM_PWM_PulseFinishedCallback
                0x0800ae78       0x14 ./Drivers/STM32H5xx_HAL_Driver/Src/stm32h5xx_hal_tim.o
                0x0800ae78                HAL_TIM_PWM_PulseFinishedCallback
 .text.HAL_TIM_TriggerCallback
                0x0800ae8c       0x14 ./Drivers/STM32H5xx_HAL_Driver/Src/stm32h5xx_hal_tim.o
                0x0800ae8c                HAL_TIM_TriggerCallback
 .text.TIM_Base_SetConfig
                0x0800aea0      0x1d4 ./Drivers/STM32H5xx_HAL_Driver/Src/stm32h5xx_hal_tim.o
                0x0800aea0                TIM_Base_SetConfig
 .text.TIM_TI1_ConfigInputStage
                0x0800b074       0x5e ./Drivers/STM32H5xx_HAL_Driver/Src/stm32h5xx_hal_tim.o
 .text.TIM_TI2_ConfigInputStage
                0x0800b0d2       0x60 ./Drivers/STM32H5xx_HAL_Driver/Src/stm32h5xx_hal_tim.o
 .text.TIM_ITRx_SetConfig
                0x0800b132       0x3a ./Drivers/STM32H5xx_HAL_Driver/Src/stm32h5xx_hal_tim.o
 .text.TIM_ETR_SetConfig
                0x0800b16c       0x40 ./Drivers/STM32H5xx_HAL_Driver/Src/stm32h5xx_hal_tim.o
                0x0800b16c                TIM_ETR_SetConfig
 .text.HAL_TIMEx_MasterConfigSynchronization
                0x0800b1ac      0x1a0 ./Drivers/STM32H5xx_HAL_Driver/Src/stm32h5xx_hal_tim_ex.o
                0x0800b1ac                HAL_TIMEx_MasterConfigSynchronization
 .text.HAL_TIMEx_CommutCallback
                0x0800b34c       0x14 ./Drivers/STM32H5xx_HAL_Driver/Src/stm32h5xx_hal_tim_ex.o
                0x0800b34c                HAL_TIMEx_CommutCallback
 .text.HAL_TIMEx_BreakCallback
                0x0800b360       0x14 ./Drivers/STM32H5xx_HAL_Driver/Src/stm32h5xx_hal_tim_ex.o
                0x0800b360                HAL_TIMEx_BreakCallback
 .text.HAL_TIMEx_Break2Callback
                0x0800b374       0x14 ./Drivers/STM32H5xx_HAL_Driver/Src/stm32h5xx_hal_tim_ex.o
                0x0800b374                HAL_TIMEx_Break2Callback
 .text.HAL_TIMEx_EncoderIndexCallback
                0x0800b388       0x14 ./Drivers/STM32H5xx_HAL_Driver/Src/stm32h5xx_hal_tim_ex.o
                0x0800b388                HAL_TIMEx_EncoderIndexCallback
 .text.HAL_TIMEx_DirectionChangeCallback
                0x0800b39c       0x14 ./Drivers/STM32H5xx_HAL_Driver/Src/stm32h5xx_hal_tim_ex.o
                0x0800b39c                HAL_TIMEx_DirectionChangeCallback
 .text.HAL_TIMEx_IndexErrorCallback
                0x0800b3b0       0x14 ./Drivers/STM32H5xx_HAL_Driver/Src/stm32h5xx_hal_tim_ex.o
                0x0800b3b0                HAL_TIMEx_IndexErrorCallback
 .text.HAL_TIMEx_TransitionErrorCallback
                0x0800b3c4       0x14 ./Drivers/STM32H5xx_HAL_Driver/Src/stm32h5xx_hal_tim_ex.o
                0x0800b3c4                HAL_TIMEx_TransitionErrorCallback
 .text.Button_Init_Internal
                0x0800b3d8       0x46 ./Main/Src/button.o
                0x0800b3d8                Button_Init_Internal
 *fill*         0x0800b41e        0x2 
 .text.Button_Get_Event
                0x0800b420      0x10c ./Main/Src/button.o
 .text.Button_Queue_Push
                0x0800b52c       0x54 ./Main/Src/button.o
 .text.Button_Poll
                0x0800b580       0xa8 ./Main/Src/button.o
                0x0800b580                Button_Poll
 .text.Button_Get_Input
                0x0800b628       0x58 ./Main/Src/button.o
                0x0800b628                Button_Get_Input
 .text.Button_Stop_Requested
                0x0800b680       0x18 ./Main/Src/button.o
                0x0800b680                Button_Stop_Requested
 .text.Button_Stop_Clear
                0x0800b698       0x18 ./Main/Src/button.o
                0x0800b698                Button_Stop_Clear
 .text.Button_Flush
                0x0800b6b0       0x2c ./Main/Src/button.o
                0x0800b6b0                Button_Flush
 .text.MX_Button_Init
                0x0800b6dc       0xb4 ./Main/Src/button.o
                0x0800b6dc                MX_Button_Init
 .text.Custom_LCD_Init
                0x0800b790       0x30 ./Main/Src/custom_lcd.o
                0x0800b790                Custom_LCD_Init
 .text.Drive_Seg_Advance
                0x0800b7c0       0x46 ./Main/Src/drive.o
 .text.Drive_Seg_Is_Curve
                0x0800b806       0x2a ./Main/Src/drive.o
 .text.Drive_Clamp_Gain
                0x0800b830       0x32 ./Main/Src/drive.o
 *fill*         0x0800b862        0x2 
 .text.Drive_PD_Reset
                0x0800b864       0x48 ./Main/Src/drive.o
 .text.Drive_Stop_Immediate
                0x0800b8ac       0x10 ./Main/Src/drive.o
 .text.Drive_Stop_Graceful
                0x0800b8bc       0x98 ./Main/Src/drive.o
 .text.Drive_Stop_Fit_In
                0x0800b954      0x2cc ./Main/Src/drive.o
 .text.Drive_Setup
                0x0800bc20      0x2d4 ./Main/Src/drive.o
 .text.Drive_Precheck
                0x0800bef4       0xb8 ./Main/Src/drive.o
 .text.Drive_PD_Update
                0x0800bfac      0x1e8 ./Main/Src/drive.o
 .text.Drive_Control_Tick
                0x0800c194      0x130 ./Main/Src/drive.o
                0x0800c194                Drive_Control_Tick
 .text.Drive_Control_Enable
                0x0800c2c4       0x34 ./Main/Src/drive.o
                0x0800c2c4                Drive_Control_Enable
 .text.Drive_Log_Review
                0x0800c2f8      0x254 ./Main/Src/drive.o
 .text.Drive_Result_Window
                0x0800c54c       0x98 ./Main/Src/drive.o
 .text.Drive_First
                0x0800c5e4      0x28c ./Main/Src/drive.o
                0x0800c5e4                Drive_First
 .text.Drive_Segment_Speed
                0x0800c870      0x198 ./Main/Src/drive.o
 .text.Drive_Second
                0x0800ca08      0x384 ./Main/Src/drive.o
                0x0800ca08                Drive_Second
 .text.Main_Menu
                0x0800cd8c      0x294 ./Main/Src/menu.o
                0x0800cd8c                Main_Menu
 .text.Motor_Apply_Phase
                0x0800d020       0x94 ./Main/Src/motor.o
 .text.HAL_TIM1_IRQ_Handler
                0x0800d0b4       0x54 ./Main/Src/motor.o
                0x0800d0b4                HAL_TIM1_IRQ_Handler
 .text.HAL_TIM8_IRQ_Handler
                0x0800d108       0x54 ./Main/Src/motor.o
                0x0800d108                HAL_TIM8_IRQ_Handler
 .text.DAC_Pin_Force_Analog
                0x0800d15c       0x58 ./Main/Src/motor.o
                0x0800d15c                DAC_Pin_Force_Analog
 .text.Motor_Coil_Off
                0x0800d1b4       0x64 ./Main/Src/motor.o
                0x0800d1b4                Motor_Coil_Off
 .text.Motor_Coil_Off_L
                0x0800d218       0x44 ./Main/Src/motor.o
                0x0800d218                Motor_Coil_Off_L
 .text.Motor_Coil_Off_R
                0x0800d25c       0x44 ./Main/Src/motor.o
                0x0800d25c                Motor_Coil_Off_R
 .text.Motor_Set_Zero_Speed_Hold
                0x0800d2a0       0x2c ./Main/Src/motor.o
                0x0800d2a0                Motor_Set_Zero_Speed_Hold
 .text.Motor_Timer_Start
                0x0800d2cc       0x42 ./Main/Src/motor.o
 *fill*         0x0800d30e        0x2 
 .text.Motor_Start_L
                0x0800d310       0x44 ./Main/Src/motor.o
                0x0800d310                Motor_Start_L
 .text.Motor_Stop_L
                0x0800d354       0x30 ./Main/Src/motor.o
                0x0800d354                Motor_Stop_L
 .text.Motor_Start_R
                0x0800d384       0x44 ./Main/Src/motor.o
                0x0800d384                Motor_Start_R
 .text.Motor_Stop_R
                0x0800d3c8       0x30 ./Main/Src/motor.o
                0x0800d3c8                Motor_Stop_R
 .text.Motor_Start
                0x0800d3f8       0x78 ./Main/Src/motor.o
                0x0800d3f8                Motor_Start
 .text.Motor_Stop
                0x0800d470       0x38 ./Main/Src/motor.o
                0x0800d470                Motor_Stop
 .text.Motor_Set_Dir_L
                0x0800d4a8       0x30 ./Main/Src/motor.o
                0x0800d4a8                Motor_Set_Dir_L
 .text.Motor_Set_Dir_R
                0x0800d4d8       0x30 ./Main/Src/motor.o
                0x0800d4d8                Motor_Set_Dir_R
 .text.Motor_Set_ARR_L
                0x0800d508       0x28 ./Main/Src/motor.o
                0x0800d508                Motor_Set_ARR_L
 .text.Motor_Set_ARR_R
                0x0800d530       0x28 ./Main/Src/motor.o
                0x0800d530                Motor_Set_ARR_R
 .text.Motor_Clamp
                0x0800d558       0x30 ./Main/Src/motor.o
 .text.Velocity_To_ARR_L
                0x0800d588       0xac ./Main/Src/motor.o
                0x0800d588                Velocity_To_ARR_L
 .text.Velocity_To_ARR_R
                0x0800d634       0xac ./Main/Src/motor.o
                0x0800d634                Velocity_To_ARR_R
 .text.Ramp_Set_Accel
                0x0800d6e0       0x5c ./Main/Src/motor.o
                0x0800d6e0                Ramp_Set_Accel
 .text.Ramp_Get_Accel
                0x0800d73c       0x18 ./Main/Src/motor.o
                0x0800d73c                Ramp_Get_Accel
 .text.Ramp_Set_Decel
                0x0800d754       0x5c ./Main/Src/motor.o
                0x0800d754                Ramp_Set_Decel
 .text.Ramp_Get_Decel
                0x0800d7b0       0x18 ./Main/Src/motor.o
                0x0800d7b0                Ramp_Get_Decel
 .text.Ramp_Set_Target
                0x0800d7c8       0x64 ./Main/Src/motor.o
                0x0800d7c8                Ramp_Set_Target
 .text.Ramp_Set_Speed
                0x0800d82c       0x60 ./Main/Src/motor.o
                0x0800d82c                Ramp_Set_Speed
 .text.Ramp_Mode_Manual_From_Current
                0x0800d88c       0x50 ./Main/Src/motor.o
                0x0800d88c                Ramp_Mode_Manual_From_Current
 .text.Ramp_Reset
                0x0800d8dc       0x78 ./Main/Src/motor.o
                0x0800d8dc                Ramp_Reset
 .text.Ramp_Start
                0x0800d954       0x28 ./Main/Src/motor.o
                0x0800d954                Ramp_Start
 .text.Ramp_Stop
                0x0800d97c       0x14 ./Main/Src/motor.o
                0x0800d97c                Ramp_Stop
 .text.Ramp_Step_One
                0x0800d990       0xac ./Main/Src/motor.o
 .text.Motor_Set_Wheels
                0x0800da3c       0x48 ./Main/Src/motor.o
                0x0800da3c                Motor_Set_Wheels
 .text.HAL_TIM7_IRQ_Handler
                0x0800da84       0xc8 ./Main/Src/motor.o
                0x0800da84                HAL_TIM7_IRQ_Handler
 .text.Motor_Test
                0x0800db4c      0x2dc ./Main/Src/motor.o
                0x0800db4c                Motor_Test
 .text.Motor_Phase_Test
                0x0800de28      0x27c ./Main/Src/motor.o
                0x0800de28                Motor_Phase_Test
 .text.Distance_Get_L_Mm
                0x0800e0a4       0x34 ./Main/Src/motor.o
                0x0800e0a4                Distance_Get_L_Mm
 .text.Distance_Get_R_Mm
                0x0800e0d8       0x34 ./Main/Src/motor.o
                0x0800e0d8                Distance_Get_R_Mm
 .text.Distance_Get_Mm
                0x0800e10c       0x1c ./Main/Src/motor.o
                0x0800e10c                Distance_Get_Mm
 .text.Distance_Reset
                0x0800e128       0x24 ./Main/Src/motor.o
                0x0800e128                Distance_Reset
 .text.Mark_Set_Speed
                0x0800e14c       0x9c ./Main/Src/sensor.o
                0x0800e14c                Mark_Set_Speed
 .text.IR_Enable
                0x0800e1e8       0x34 ./Main/Src/sensor.o
 .text.IR_Disable
                0x0800e21c       0x34 ./Main/Src/sensor.o
 .text.Mark_Middle_History_Or
                0x0800e250       0x3c ./Main/Src/sensor.o
 .text.Mark_Middle_History_Push
                0x0800e28c       0x48 ./Main/Src/sensor.o
 .text.Mark_FSM_Step
                0x0800e2d4      0x1dc ./Main/Src/sensor.o
 .text.HAL_TIM6_IRQ_Handler
                0x0800e4b0       0x4c ./Main/Src/sensor.o
                0x0800e4b0                HAL_TIM6_IRQ_Handler
 .text.HAL_ADC1_IRQ_Handler
                0x0800e4fc      0x1b8 ./Main/Src/sensor.o
                0x0800e4fc                HAL_ADC1_IRQ_Handler
 .text.Sensor_Take_Frame
                0x0800e6b4       0x28 ./Main/Src/sensor.o
                0x0800e6b4                Sensor_Take_Frame
 .text.Sensor_Start
                0x0800e6dc       0x64 ./Main/Src/sensor.o
                0x0800e6dc                Sensor_Start
 .text.Sensor_Stop
                0x0800e740       0x40 ./Main/Src/sensor.o
                0x0800e740                Sensor_Stop
 .text.Sensor_Valid_Mask
                0x0800e780       0x50 ./Main/Src/sensor.o
                0x0800e780                Sensor_Valid_Mask
 .text.Sensor_Is_Calibrated
                0x0800e7d0       0x40 ./Main/Src/sensor.o
                0x0800e7d0                Sensor_Is_Calibrated
 .text.Sensor_Line_Found
                0x0800e810       0x18 ./Main/Src/sensor.o
                0x0800e810                Sensor_Line_Found
 .text.Sensor_Marker_Active
                0x0800e828       0x18 ./Main/Src/sensor.o
                0x0800e828                Sensor_Marker_Active
 .text.Sensor_Calibration
                0x0800e840      0x30c ./Main/Src/sensor.o
                0x0800e840                Sensor_Calibration
 .text.Sensor_Snapshot
                0x0800eb4c       0x3c ./Main/Src/sensor.o
 .text.Sensor_Test_Raw
                0x0800eb88       0xec ./Main/Src/sensor.o
                0x0800eb88                Sensor_Test_Raw
 .text.Sensor_Test_Normalized
                0x0800ec74       0xb8 ./Main/Src/sensor.o
                0x0800ec74                Sensor_Test_Normalized
 .text.Sensor_Get_Position
                0x0800ed2c       0xd8 ./Main/Src/sensor.o
                0x0800ed2c                Sensor_Get_Position
 .text.Mark_FSM_Reset
                0x0800ee04       0xb0 ./Main/Src/sensor.o
                0x0800ee04                Mark_FSM_Reset
 .text.Mark_Get_Dist_Mm
                0x0800eeb4       0x18 ./Main/Src/sensor.o
                0x0800eeb4                Mark_Get_Dist_Mm
 .text.Mark_Consume
                0x0800eecc       0x50 ./Main/Src/sensor.o
                0x0800eecc                Mark_Consume
 .text.Sensor_Test_State
                0x0800ef1c      0x168 ./Main/Src/sensor.o
                0x0800ef1c                Sensor_Test_State
 .text.UI_Fill  0x0800f084       0xe0 ./Main/Src/ui.o
                0x0800f084                UI_Fill
 .text.UI_Box   0x0800f164       0x96 ./Main/Src/ui.o
                0x0800f164                UI_Box
 .text.UI_Clear
                0x0800f1fa       0x1c ./Main/Src/ui.o
                0x0800f1fa                UI_Clear
 *fill*         0x0800f216        0x2 
 .text.ui_puts  0x0800f218       0x9c ./Main/Src/ui.o
 .text.UI_Text  0x0800f2b4       0x56 ./Main/Src/ui.o
                0x0800f2b4                UI_Text
 .text.UI_TextBig
                0x0800f30a       0x56 ./Main/Src/ui.o
                0x0800f30a                UI_TextBig
 .text.ui_row   0x0800f360       0xb0 ./Main/Src/ui.o
 .text.UI_Init  0x0800f410       0x12 ./Main/Src/ui.o
                0x0800f410                UI_Init
 *fill*         0x0800f422        0x2 
 .text.UI_Header
                0x0800f424       0x68 ./Main/Src/ui.o
                0x0800f424                UI_Header
 .text.UI_Badge
                0x0800f48c       0x68 ./Main/Src/ui.o
                0x0800f48c                UI_Badge
 .text.UI_MS    0x0800f4f4       0x80 ./Main/Src/ui.o
                0x0800f4f4                UI_MS
 .text.UI_Badge_Int
                0x0800f574       0x3c ./Main/Src/ui.o
                0x0800f574                UI_Badge_Int
 .text.UI_Hint  0x0800f5b0       0x3c ./Main/Src/ui.o
                0x0800f5b0                UI_Hint
 .text.UI_Gauge
                0x0800f5ec       0xd4 ./Main/Src/ui.o
                0x0800f5ec                UI_Gauge
 .text.UI_CenterGauge
                0x0800f6c0      0x13e ./Main/Src/ui.o
                0x0800f6c0                UI_CenterGauge
 *fill*         0x0800f7fe        0x2 
 .text.UI_Banner
                0x0800f800       0xd4 ./Main/Src/ui.o
                0x0800f800                UI_Banner
 .text.UI_Sensor_Frame
                0x0800f8d4       0x7c ./Main/Src/ui.o
                0x0800f8d4                UI_Sensor_Frame
 .text.ui_ramp  0x0800f950       0x80 ./Main/Src/ui.o
 .text.UI_Sensor_Cells
                0x0800f9d0      0x114 ./Main/Src/ui.o
                0x0800f9d0                UI_Sensor_Cells
 .text.UI_Sensor_Info
                0x0800fae4       0x54 ./Main/Src/ui.o
                0x0800fae4                UI_Sensor_Info
 .text.UI_Sensor_Pos
                0x0800fb38       0x5c ./Main/Src/ui.o
                0x0800fb38                UI_Sensor_Pos
 .text.UI_Sensor_Status
                0x0800fb94       0xa0 ./Main/Src/ui.o
                0x0800fb94                UI_Sensor_Status
 .text.UI_Menu_Draw
                0x0800fc34      0x138 ./Main/Src/ui.o
                0x0800fc34                UI_Menu_Draw
 .text.UI_Cal_Stage
                0x0800fd6c       0x70 ./Main/Src/ui.o
                0x0800fd6c                UI_Cal_Stage
 .text.UI_Cal_Result
                0x0800fddc      0x16c ./Main/Src/ui.o
                0x0800fddc                UI_Cal_Result
 .text.UI_MotorSpd_Frame
                0x0800ff48       0x94 ./Main/Src/ui.o
                0x0800ff48                UI_MotorSpd_Frame
 .text.UI_MotorSpd_Update
                0x0800ffdc      0x2b4 ./Main/Src/ui.o
                0x0800ffdc                UI_MotorSpd_Update
 .text.ui_phase_bits
                0x08010290       0xb8 ./Main/Src/ui.o
 .text.UI_MotorPhase_Frame
                0x08010348       0x2c ./Main/Src/ui.o
                0x08010348                UI_MotorPhase_Frame
 .text.UI_MotorPhase_Update
                0x08010374      0x114 ./Main/Src/ui.o
                0x08010374                UI_MotorPhase_Update
 .text.ui_setup_row
                0x08010488       0xe4 ./Main/Src/ui.o
 .text.UI_Setup_Frame
                0x0801056c       0x24 ./Main/Src/ui.o
                0x0801056c                UI_Setup_Frame
 .text.ui_fixed
                0x08010590      0x118 ./Main/Src/ui.o
 .text.UI_Setup_Update
                0x080106a8      0x190 ./Main/Src/ui.o
                0x080106a8                UI_Setup_Update
 .text.UI_Countdown
                0x08010838       0x5c ./Main/Src/ui.o
                0x08010838                UI_Countdown
 .text.UI_Drive_Frame
                0x08010894       0x3c ./Main/Src/ui.o
                0x08010894                UI_Drive_Frame
 .text.UI_Drive_Row
                0x080108d0      0x188 ./Main/Src/ui.o
                0x080108d0                UI_Drive_Row
 .text.UI_Drive_Result
                0x08010a58      0x1d0 ./Main/Src/ui.o
                0x08010a58                UI_Drive_Result
 .text.UI_Log_Frame
                0x08010c28       0x20 ./Main/Src/ui.o
                0x08010c28                UI_Log_Frame
 .text.UI_Log_Head
                0x08010c48       0x40 ./Main/Src/ui.o
                0x08010c48                UI_Log_Head
 .text.UI_Log_Row
                0x08010c88       0xd0 ./Main/Src/ui.o
                0x08010c88                UI_Log_Row
 .text.snprintf
                0x08010d58       0x6c C:/ST/STM32CubeIDE_2.2.0/STM32CubeIDE/plugins/com.st.stm32cube.ide.mcu.externaltools.gnu-tools-for-stm32.14.3.rel1.win32_1.0.100.202602081740/tools/bin/../lib/gcc/arm-none-eabi/14.3.1/../../../../arm-none-eabi/lib/thumb/v8-m.main+fp/hard\libc_nano.a(libc_a-snprintf.o)
                0x08010d58                sniprintf
                0x08010d58                snprintf
 .text._vsnprintf_r
                0x08010dc4       0x5c C:/ST/STM32CubeIDE_2.2.0/STM32CubeIDE/plugins/com.st.stm32cube.ide.mcu.externaltools.gnu-tools-for-stm32.14.3.rel1.win32_1.0.100.202602081740/tools/bin/../lib/gcc/arm-none-eabi/14.3.1/../../../../arm-none-eabi/lib/thumb/v8-m.main+fp/hard\libc_nano.a(libc_a-vsnprintf.o)
                0x08010dc4                _vsniprintf_r
                0x08010dc4                _vsnprintf_r
 .text.vsnprintf
                0x08010e20       0x1c C:/ST/STM32CubeIDE_2.2.0/STM32CubeIDE/plugins/com.st.stm32cube.ide.mcu.externaltools.gnu-tools-for-stm32.14.3.rel1.win32_1.0.100.202602081740/tools/bin/../lib/gcc/arm-none-eabi/14.3.1/../../../../arm-none-eabi/lib/thumb/v8-m.main+fp/hard\libc_nano.a(libc_a-vsnprintf.o)
                0x08010e20                vsniprintf
                0x08010e20                vsnprintf
 .text.memset   0x08010e3c       0x10 C:/ST/STM32CubeIDE_2.2.0/STM32CubeIDE/plugins/com.st.stm32cube.ide.mcu.externaltools.gnu-tools-for-stm32.14.3.rel1.win32_1.0.100.202602081740/tools/bin/../lib/gcc/arm-none-eabi/14.3.1/../../../../arm-none-eabi/lib/thumb/v8-m.main+fp/hard\libc_nano.a(libc_a-memset.o)
                0x08010e3c                memset
 .text.__errno  0x08010e4c        0xc C:/ST/STM32CubeIDE_2.2.0/STM32CubeIDE/plugins/com.st.stm32cube.ide.mcu.externaltools.gnu-tools-for-stm32.14.3.rel1.win32_1.0.100.202602081740/tools/bin/../lib/gcc/arm-none-eabi/14.3.1/../../../../arm-none-eabi/lib/thumb/v8-m.main+fp/hard\libc_nano.a(libc_a-errno.o)
                0x08010e4c                __errno
 .text.__libc_init_array
                0x08010e58       0x48 C:/ST/STM32CubeIDE_2.2.0/STM32CubeIDE/plugins/com.st.stm32cube.ide.mcu.externaltools.gnu-tools-for-stm32.14.3.rel1.win32_1.0.100.202602081740/tools/bin/../lib/gcc/arm-none-eabi/14.3.1/../../../../arm-none-eabi/lib/thumb/v8-m.main+fp/hard\libc_nano.a(libc_a-init.o)
                0x08010e58                __libc_init_array
 .text.__retarget_lock_acquire_recursive
                0x08010ea0        0x2 C:/ST/STM32CubeIDE_2.2.0/STM32CubeIDE/plugins/com.st.stm32cube.ide.mcu.externaltools.gnu-tools-for-stm32.14.3.rel1.win32_1.0.100.202602081740/tools/bin/../lib/gcc/arm-none-eabi/14.3.1/../../../../arm-none-eabi/lib/thumb/v8-m.main+fp/hard\libc_nano.a(libc_a-lock.o)
                0x08010ea0                __retarget_lock_acquire_recursive
 .text.__retarget_lock_release_recursive
                0x08010ea2        0x2 C:/ST/STM32CubeIDE_2.2.0/STM32CubeIDE/plugins/com.st.stm32cube.ide.mcu.externaltools.gnu-tools-for-stm32.14.3.rel1.win32_1.0.100.202602081740/tools/bin/../lib/gcc/arm-none-eabi/14.3.1/../../../../arm-none-eabi/lib/thumb/v8-m.main+fp/hard\libc_nano.a(libc_a-lock.o)
                0x08010ea2                __retarget_lock_release_recursive
 .text.memcpy   0x08010ea4       0x1a C:/ST/STM32CubeIDE_2.2.0/STM32CubeIDE/plugins/com.st.stm32cube.ide.mcu.externaltools.gnu-tools-for-stm32.14.3.rel1.win32_1.0.100.202602081740/tools/bin/../lib/gcc/arm-none-eabi/14.3.1/../../../../arm-none-eabi/lib/thumb/v8-m.main+fp/hard\libc_nano.a(libc_a-memcpy-stub.o)
                0x08010ea4                memcpy
 *fill*         0x08010ebe        0x2 
 .text._free_r  0x08010ec0       0x94 C:/ST/STM32CubeIDE_2.2.0/STM32CubeIDE/plugins/com.st.stm32cube.ide.mcu.externaltools.gnu-tools-for-stm32.14.3.rel1.win32_1.0.100.202602081740/tools/bin/../lib/gcc/arm-none-eabi/14.3.1/../../../../arm-none-eabi/lib/thumb/v8-m.main+fp/hard\libc_nano.a(libc_a-freer.o)
                0x08010ec0                _free_r
 .text.sbrk_aligned
                0x08010f54       0x44 C:/ST/STM32CubeIDE_2.2.0/STM32CubeIDE/plugins/com.st.stm32cube.ide.mcu.externaltools.gnu-tools-for-stm32.14.3.rel1.win32_1.0.100.202602081740/tools/bin/../lib/gcc/arm-none-eabi/14.3.1/../../../../arm-none-eabi/lib/thumb/v8-m.main+fp/hard\libc_nano.a(libc_a-mallocr.o)
 .text._malloc_r
                0x08010f98      0x100 C:/ST/STM32CubeIDE_2.2.0/STM32CubeIDE/plugins/com.st.stm32cube.ide.mcu.externaltools.gnu-tools-for-stm32.14.3.rel1.win32_1.0.100.202602081740/tools/bin/../lib/gcc/arm-none-eabi/14.3.1/../../../../arm-none-eabi/lib/thumb/v8-m.main+fp/hard\libc_nano.a(libc_a-mallocr.o)
                0x08010f98                _malloc_r
 .text.__malloc_lock
                0x08011098        0xc C:/ST/STM32CubeIDE_2.2.0/STM32CubeIDE/plugins/com.st.stm32cube.ide.mcu.externaltools.gnu-tools-for-stm32.14.3.rel1.win32_1.0.100.202602081740/tools/bin/../lib/gcc/arm-none-eabi/14.3.1/../../../../arm-none-eabi/lib/thumb/v8-m.main+fp/hard\libc_nano.a(libc_a-mlock.o)
                0x08011098                __malloc_lock
 .text.__malloc_unlock
                0x080110a4        0xc C:/ST/STM32CubeIDE_2.2.0/STM32CubeIDE/plugins/com.st.stm32cube.ide.mcu.externaltools.gnu-tools-for-stm32.14.3.rel1.win32_1.0.100.202602081740/tools/bin/../lib/gcc/arm-none-eabi/14.3.1/../../../../arm-none-eabi/lib/thumb/v8-m.main+fp/hard\libc_nano.a(libc_a-mlock.o)
                0x080110a4                __malloc_unlock
 .text.__ssputs_r
                0x080110b0       0xc0 C:/ST/STM32CubeIDE_2.2.0/STM32CubeIDE/plugins/com.st.stm32cube.ide.mcu.externaltools.gnu-tools-for-stm32.14.3.rel1.win32_1.0.100.202602081740/tools/bin/../lib/gcc/arm-none-eabi/14.3.1/../../../../arm-none-eabi/lib/thumb/v8-m.main+fp/hard\libc_nano.a(libc_a-nano-svfprintf.o)
                0x080110b0                __ssputs_r
 .text._svfprintf_r
                0x08011170      0x1f0 C:/ST/STM32CubeIDE_2.2.0/STM32CubeIDE/plugins/com.st.stm32cube.ide.mcu.externaltools.gnu-tools-for-stm32.14.3.rel1.win32_1.0.100.202602081740/tools/bin/../lib/gcc/arm-none-eabi/14.3.1/../../../../arm-none-eabi/lib/thumb/v8-m.main+fp/hard\libc_nano.a(libc_a-nano-svfprintf.o)
                0x08011170                _svfiprintf_r
                0x08011170                _svfprintf_r
 .text._printf_common
                0x08011360       0xe4 C:/ST/STM32CubeIDE_2.2.0/STM32CubeIDE/plugins/com.st.stm32cube.ide.mcu.externaltools.gnu-tools-for-stm32.14.3.rel1.win32_1.0.100.202602081740/tools/bin/../lib/gcc/arm-none-eabi/14.3.1/../../../../arm-none-eabi/lib/thumb/v8-m.main+fp/hard\libc_nano.a(libc_a-nano-vfprintf_i.o)
                0x08011360                _printf_common
 .text._printf_i
                0x08011444      0x24c C:/ST/STM32CubeIDE_2.2.0/STM32CubeIDE/plugins/com.st.stm32cube.ide.mcu.externaltools.gnu-tools-for-stm32.14.3.rel1.win32_1.0.100.202602081740/tools/bin/../lib/gcc/arm-none-eabi/14.3.1/../../../../arm-none-eabi/lib/thumb/v8-m.main+fp/hard\libc_nano.a(libc_a-nano-vfprintf_i.o)
                0x08011444                _printf_i
 .text.memmove  0x08011690       0x32 C:/ST/STM32CubeIDE_2.2.0/STM32CubeIDE/plugins/com.st.stm32cube.ide.mcu.externaltools.gnu-tools-for-stm32.14.3.rel1.win32_1.0.100.202602081740/tools/bin/../lib/gcc/arm-none-eabi/14.3.1/../../../../arm-none-eabi/lib/thumb/v8-m.main+fp/hard\libc_nano.a(libc_a-memmove.o)
                0x08011690                memmove
 *fill*         0x080116c2        0x2 
 .text._sbrk_r  0x080116c4       0x20 C:/ST/STM32CubeIDE_2.2.0/STM32CubeIDE/plugins/com.st.stm32cube.ide.mcu.externaltools.gnu-tools-for-stm32.14.3.rel1.win32_1.0.100.202602081740/tools/bin/../lib/gcc/arm-none-eabi/14.3.1/../../../../arm-none-eabi/lib/thumb/v8-m.main+fp/hard\libc_nano.a(libc_a-sbrkr.o)
                0x080116c4                _sbrk_r
 .text.memchr   0x080116e4       0x1c C:/ST/STM32CubeIDE_2.2.0/STM32CubeIDE/plugins/com.st.stm32cube.ide.mcu.externaltools.gnu-tools-for-stm32.14.3.rel1.win32_1.0.100.202602081740/tools/bin/../lib/gcc/arm-none-eabi/14.3.1/../../../../arm-none-eabi/lib/thumb/v8-m.main+fp/hard\libc_nano.a(libc_a-memchr-stub.o)
                0x080116e4                memchr
 .text._realloc_r
                0x08011700       0x5c C:/ST/STM32CubeIDE_2.2.0/STM32CubeIDE/plugins/com.st.stm32cube.ide.mcu.externaltools.gnu-tools-for-stm32.14.3.rel1.win32_1.0.100.202602081740/tools/bin/../lib/gcc/arm-none-eabi/14.3.1/../../../../arm-none-eabi/lib/thumb/v8-m.main+fp/hard\libc_nano.a(libc_a-reallocr.o)
                0x08011700                _realloc_r
 .text._malloc_usable_size_r
                0x0801175c       0x10 C:/ST/STM32CubeIDE_2.2.0/STM32CubeIDE/plugins/com.st.stm32cube.ide.mcu.externaltools.gnu-tools-for-stm32.14.3.rel1.win32_1.0.100.202602081740/tools/bin/../lib/gcc/arm-none-eabi/14.3.1/../../../../arm-none-eabi/lib/thumb/v8-m.main+fp/hard\libc_nano.a(libc_a-msizer.o)
                0x0801175c                _malloc_usable_size_r
 .text.sqrtf    0x0801176c       0x44 C:/ST/STM32CubeIDE_2.2.0/STM32CubeIDE/plugins/com.st.stm32cube.ide.mcu.externaltools.gnu-tools-for-stm32.14.3.rel1.win32_1.0.100.202602081740/tools/bin/../lib/gcc/arm-none-eabi/14.3.1/../../../../arm-none-eabi/lib/thumb/v8-m.main+fp/hard\libm.a(libm_a-wf_sqrt.o)
                0x0801176c                sqrtf
 .text.fmaxf    0x080117b0       0x4c C:/ST/STM32CubeIDE_2.2.0/STM32CubeIDE/plugins/com.st.stm32cube.ide.mcu.externaltools.gnu-tools-for-stm32.14.3.rel1.win32_1.0.100.202602081740/tools/bin/../lib/gcc/arm-none-eabi/14.3.1/../../../../arm-none-eabi/lib/thumb/v8-m.main+fp/hard\libm.a(libm_a-sf_fmax.o)
                0x080117b0                fmaxf
 .text.fminf    0x080117fc       0x4c C:/ST/STM32CubeIDE_2.2.0/STM32CubeIDE/plugins/com.st.stm32cube.ide.mcu.externaltools.gnu-tools-for-stm32.14.3.rel1.win32_1.0.100.202602081740/tools/bin/../lib/gcc/arm-none-eabi/14.3.1/../../../../arm-none-eabi/lib/thumb/v8-m.main+fp/hard\libm.a(libm_a-sf_fmin.o)
                0x080117fc                fminf
 .text.__fpclassifyf
                0x08011848       0x38 C:/ST/STM32CubeIDE_2.2.0/STM32CubeIDE/plugins/com.st.stm32cube.ide.mcu.externaltools.gnu-tools-for-stm32.14.3.rel1.win32_1.0.100.202602081740/tools/bin/../lib/gcc/arm-none-eabi/14.3.1/../../../../arm-none-eabi/lib/thumb/v8-m.main+fp/hard\libm.a(libm_a-sf_fpclassify.o)
                0x08011848                __fpclassifyf
 .text.__ieee754_sqrtf
                0x08011880        0x8 C:/ST/STM32CubeIDE_2.2.0/STM32CubeIDE/plugins/com.st.stm32cube.ide.mcu.externaltools.gnu-tools-for-stm32.14.3.rel1.win32_1.0.100.202602081740/tools/bin/../lib/gcc/arm-none-eabi/14.3.1/../../../../arm-none-eabi/lib/thumb/v8-m.main+fp/hard\libm.a(libm_a-ef_sqrt.o)
                0x08011880                __ieee754_sqrtf
 *(.glue_7)
 .glue_7        0x08011888        0x0 linker stubs
 *(.glue_7t)
 .glue_7t       0x08011888        0x0 linker stubs
 *(.eh_frame)
 .eh_frame      0x08011888        0x0 C:/ST/STM32CubeIDE_2.2.0/STM32CubeIDE/plugins/com.st.stm32cube.ide.mcu.externaltools.gnu-tools-for-stm32.14.3.rel1.win32_1.0.100.202602081740/tools/bin/../lib/gcc/arm-none-eabi/14.3.1/thumb/v8-m.main+fp/hard/crtbegin.o
 *(.init)
 .init          0x08011888        0x4 C:/ST/STM32CubeIDE_2.2.0/STM32CubeIDE/plugins/com.st.stm32cube.ide.mcu.externaltools.gnu-tools-for-stm32.14.3.rel1.win32_1.0.100.202602081740/tools/bin/../lib/gcc/arm-none-eabi/14.3.1/thumb/v8-m.main+fp/hard/crti.o
                0x08011888                _init
 .init          0x0801188c        0x8 C:/ST/STM32CubeIDE_2.2.0/STM32CubeIDE/plugins/com.st.stm32cube.ide.mcu.externaltools.gnu-tools-for-stm32.14.3.rel1.win32_1.0.100.202602081740/tools/bin/../lib/gcc/arm-none-eabi/14.3.1/thumb/v8-m.main+fp/hard/crtn.o
 *(.fini)
 .fini          0x08011894        0x4 C:/ST/STM32CubeIDE_2.2.0/STM32CubeIDE/plugins/com.st.stm32cube.ide.mcu.externaltools.gnu-tools-for-stm32.14.3.rel1.win32_1.0.100.202602081740/tools/bin/../lib/gcc/arm-none-eabi/14.3.1/thumb/v8-m.main+fp/hard/crti.o
                0x08011894                _fini
 .fini          0x08011898        0x8 C:/ST/STM32CubeIDE_2.2.0/STM32CubeIDE/plugins/com.st.stm32cube.ide.mcu.externaltools.gnu-tools-for-stm32.14.3.rel1.win32_1.0.100.202602081740/tools/bin/../lib/gcc/arm-none-eabi/14.3.1/thumb/v8-m.main+fp/hard/crtn.o
                0x080118a0                        . = ALIGN (0x4)
                0x080118a0                        _etext = .

.vfp11_veneer   0x080118a0        0x0
 .vfp11_veneer  0x080118a0        0x0 linker stubs

.v4_bx          0x080118a0        0x0
 .v4_bx         0x080118a0        0x0 linker stubs

.iplt           0x080118a0        0x0
 .iplt          0x080118a0        0x0 C:/ST/STM32CubeIDE_2.2.0/STM32CubeIDE/plugins/com.st.stm32cube.ide.mcu.externaltools.gnu-tools-for-stm32.14.3.rel1.win32_1.0.100.202602081740/tools/bin/../lib/gcc/arm-none-eabi/14.3.1/thumb/v8-m.main+fp/hard/crtbegin.o

.rodata         0x080118a0     0x10e4
                0x080118a0                        . = ALIGN (0x4)
 *(.rodata)
 .rodata        0x080118a0       0xc2 ./Main/Src/drive.o
 *fill*         0x08011962        0x2 
 .rodata        0x08011964       0x88 ./Main/Src/menu.o
 .rodata        0x080119ec       0xce ./Main/Src/sensor.o
 *fill*         0x08011aba        0x2 
 .rodata        0x08011abc      0x375 ./Main/Src/ui.o
 *(.rodata*)
 *fill*         0x08011e31        0x3 
 .rodata.AHBPrescTable
                0x08011e34       0x10 ./Core/Src/system_stm32h5xx.o
                0x08011e34                AHBPrescTable
 .rodata.asc2_1206
                0x08011e44      0x474 ./Drivers/BSP/ST7735/font.o
                0x08011e44                asc2_1206
 .rodata.asc2_1608
                0x080122b8      0x5f0 ./Drivers/BSP/ST7735/font.o
                0x080122b8                asc2_1608
 .rodata.MENU   0x080128a8       0x40 ./Main/Src/menu.o
 .rodata.stepSequence
                0x080128e8        0x8 ./Main/Src/motor.o
                0x080128e8                stepSequence
 .rodata.sensorLinePosMm
                0x080128f0       0x20 ./Main/Src/sensor.o
                0x080128f0                sensorLinePosMm
 .rodata.MK.0   0x08012910       0x10 ./Main/Src/sensor.o
 .rodata.SETUP_NAME
                0x08012920       0x18 ./Main/Src/ui.o
 .rodata.SETUP_UNIT
                0x08012938       0x18 ./Main/Src/ui.o
 .rodata._svfprintf_r.str1.1
                0x08012950       0x33 C:/ST/STM32CubeIDE_2.2.0/STM32CubeIDE/plugins/com.st.stm32cube.ide.mcu.externaltools.gnu-tools-for-stm32.14.3.rel1.win32_1.0.100.202602081740/tools/bin/../lib/gcc/arm-none-eabi/14.3.1/../../../../arm-none-eabi/lib/thumb/v8-m.main+fp/hard\libc_nano.a(libc_a-nano-svfprintf.o)
                                 0x11 (size before relaxing)
 .rodata._printf_i.str1.1
                0x08012983       0x22 C:/ST/STM32CubeIDE_2.2.0/STM32CubeIDE/plugins/com.st.stm32cube.ide.mcu.externaltools.gnu-tools-for-stm32.14.3.rel1.win32_1.0.100.202602081740/tools/bin/../lib/gcc/arm-none-eabi/14.3.1/../../../../arm-none-eabi/lib/thumb/v8-m.main+fp/hard\libc_nano.a(libc_a-nano-vfprintf_i.o)
                0x080129a8                        . = ALIGN (0x4)
 *fill*         0x08012983        0x1 

.ARM.extab      0x08012984        0x0
                0x08012984                        . = ALIGN (0x4)
 *(.ARM.extab* .gnu.linkonce.armextab.*)
                0x08012984                        . = ALIGN (0x4)

.ARM            0x08012984        0x8
                0x08012984                        . = ALIGN (0x4)
                0x08012984                        __exidx_start = .
 *(.ARM.exidx*)
 .ARM.exidx     0x08012984        0x8 C:/ST/STM32CubeIDE_2.2.0/STM32CubeIDE/plugins/com.st.stm32cube.ide.mcu.externaltools.gnu-tools-for-stm32.14.3.rel1.win32_1.0.100.202602081740/tools/bin/../lib/gcc/arm-none-eabi/14.3.1/../../../../arm-none-eabi/lib/thumb/v8-m.main+fp/hard\libc_nano.a(libc_a-strlen.o)
                0x0801298c                        __exidx_end = .
                0x0801298c                        . = ALIGN (0x4)

.preinit_array  0x0801298c        0x0
                0x0801298c                        . = ALIGN (0x4)
                0x0801298c                        PROVIDE (__preinit_array_start = .)
 *(.preinit_array*)
                0x0801298c                        PROVIDE (__preinit_array_end = .)
                0x0801298c                        . = ALIGN (0x4)

.init_array     0x0801298c        0x4
                0x0801298c                        . = ALIGN (0x4)
                0x0801298c                        PROVIDE (__init_array_start = .)
 *(SORT_BY_NAME(.init_array.*))
 *(.init_array*)
 .init_array    0x0801298c        0x4 C:/ST/STM32CubeIDE_2.2.0/STM32CubeIDE/plugins/com.st.stm32cube.ide.mcu.externaltools.gnu-tools-for-stm32.14.3.rel1.win32_1.0.100.202602081740/tools/bin/../lib/gcc/arm-none-eabi/14.3.1/thumb/v8-m.main+fp/hard/crtbegin.o
                0x08012990                        PROVIDE (__init_array_end = .)
                0x08012990                        . = ALIGN (0x4)

.fini_array     0x08012990        0x4
                0x08012990                        . = ALIGN (0x4)
                [!provide]                        PROVIDE (__fini_array_start = .)
 *(SORT_BY_NAME(.fini_array.*))
 *(.fini_array*)
 .fini_array    0x08012990        0x4 C:/ST/STM32CubeIDE_2.2.0/STM32CubeIDE/plugins/com.st.stm32cube.ide.mcu.externaltools.gnu-tools-for-stm32.14.3.rel1.win32_1.0.100.202602081740/tools/bin/../lib/gcc/arm-none-eabi/14.3.1/thumb/v8-m.main+fp/hard/crtbegin.o
                [!provide]                        PROVIDE (__fini_array_end = .)
                0x08012994                        . = ALIGN (0x4)
                0x08012994                        _sidata = LOADADDR (.data)

.rel.dyn        0x08012994        0x0
 .rel.iplt      0x08012994        0x0 C:/ST/STM32CubeIDE_2.2.0/STM32CubeIDE/plugins/com.st.stm32cube.ide.mcu.externaltools.gnu-tools-for-stm32.14.3.rel1.win32_1.0.100.202602081740/tools/bin/../lib/gcc/arm-none-eabi/14.3.1/thumb/v8-m.main+fp/hard/crtbegin.o

.data           0x20000000      0x228 load address 0x08012994
                0x20000000                        . = ALIGN (0x4)
                0x20000000                        _sdata = .
 *(.data)
 *(.data*)
 .data.SystemCoreClock
                0x20000000        0x4 ./Core/Src/system_stm32h5xx.o
                0x20000000                SystemCoreClock
 .data.ST7735_LCD_Driver
                0x20000004       0x4c ./Drivers/BSP/ST7735/st7735.o
                0x20000004                ST7735_LCD_Driver
 .data.OrientationTab
                0x20000050       0x20 ./Drivers/BSP/ST7735/st7735.o
 .data.ST7735_WRAPPER_BACK_BRIGHT
                0x20000070        0x2 ./Drivers/BSP/ST7735/st7735_lcd.o
                0x20000070                ST7735_WRAPPER_BACK_BRIGHT
 *fill*         0x20000072        0x2 
 .data.st7735_pIO
                0x20000074       0x20 ./Drivers/BSP/ST7735/st7735_lcd.o
                0x20000074                st7735_pIO
 .data.ST7735_WRAPPER_POINT_COLOR
                0x20000094        0x2 ./Drivers/BSP/ST7735/st7735_lcd.o
                0x20000094                ST7735_WRAPPER_POINT_COLOR
 *fill*         0x20000096        0x2 
 .data.ST7789_LCD_Driver
                0x20000098       0x4c ./Drivers/BSP/ST7789/st7789.o
                0x20000098                ST7789_LCD_Driver
 .data.ST7789_WRAPPER_BACK_BRIGHT
                0x200000e4        0x2 ./Drivers/BSP/ST7789/st7789_lcd.o
                0x200000e4                ST7789_WRAPPER_BACK_BRIGHT
 *fill*         0x200000e6        0x2 
 .data.st7789_pIO
                0x200000e8       0x20 ./Drivers/BSP/ST7789/st7789_lcd.o
                0x200000e8                st7789_pIO
 .data.uwTickPrio
                0x20000108        0x4 ./Drivers/STM32H5xx_HAL_Driver/Src/stm32h5xx_hal.o
                0x20000108                uwTickPrio
 .data.uwTickFreq
                0x2000010c        0x1 ./Drivers/STM32H5xx_HAL_Driver/Src/stm32h5xx_hal.o
                0x2000010c                uwTickFreq
 *fill*         0x2000010d        0x3 
 .data.g_drive1Speed
                0x20000110        0x4 ./Main/Src/drive.o
                0x20000110                g_drive1Speed
 .data.g_drive2Speed
                0x20000114        0x4 ./Main/Src/drive.o
                0x20000114                g_drive2Speed
 .data.g_fitInDistMm
                0x20000118        0x4 ./Main/Src/drive.o
                0x20000118                g_fitInDistMm
 .data.g_steerKp_x1e3
                0x2000011c        0x4 ./Main/Src/drive.o
                0x2000011c                g_steerKp_x1e3
 .data.MARK_NAME
                0x20000120       0x10 ./Main/Src/drive.o
 .data.SEG_NAME
                0x20000130        0xc ./Main/Src/drive.o
 .data.drawnIdx.3
                0x2000013c        0x1 ./Main/Src/menu.o
 .data.drawnCal.2
                0x2000013d        0x1 ./Main/Src/menu.o
 *fill*         0x2000013e        0x2 
 .data.rampStep
                0x20000140        0x4 ./Main/Src/motor.o
 .data.rampAccel
                0x20000144        0x4 ./Main/Src/motor.o
 .data.rampDecelStep
                0x20000148        0x4 ./Main/Src/motor.o
 .data.rampDecel
                0x2000014c        0x4 ./Main/Src/motor.o
 .data.Motor_L  0x20000150       0x20 ./Main/Src/motor.o
                0x20000150                Motor_L
 .data.Motor_R  0x20000170       0x20 ./Main/Src/motor.o
                0x20000170                Motor_R
 .data.motorDirL
                0x20000190        0x1 ./Main/Src/motor.o
                0x20000190                motorDirL
 .data.motorDirR
                0x20000191        0x1 ./Main/Src/motor.o
                0x20000191                motorDirR
 .data.whiteIsHigh
                0x20000192        0x1 ./Main/Src/sensor.o
                0x20000192                whiteIsHigh
 *fill*         0x20000193        0x1 
 .data.IR_Index
                0x20000194       0x40 ./Main/Src/sensor.o
                0x20000194                IR_Index
 .data.markReleaseUs
                0x200001d4        0x4 ./Main/Src/sensor.o
 .data._impure_ptr
                0x200001d8        0x4 C:/ST/STM32CubeIDE_2.2.0/STM32CubeIDE/plugins/com.st.stm32cube.ide.mcu.externaltools.gnu-tools-for-stm32.14.3.rel1.win32_1.0.100.202602081740/tools/bin/../lib/gcc/arm-none-eabi/14.3.1/../../../../arm-none-eabi/lib/thumb/v8-m.main+fp/hard\libc_nano.a(libc_a-impure.o)
                0x200001d8                _impure_ptr
 .data._impure_data
                0x200001dc       0x4c C:/ST/STM32CubeIDE_2.2.0/STM32CubeIDE/plugins/com.st.stm32cube.ide.mcu.externaltools.gnu-tools-for-stm32.14.3.rel1.win32_1.0.100.202602081740/tools/bin/../lib/gcc/arm-none-eabi/14.3.1/../../../../arm-none-eabi/lib/thumb/v8-m.main+fp/hard\libc_nano.a(libc_a-impure.o)
                0x200001dc                _impure_data
 *(.RamFunc)
 *(.RamFunc*)
                0x20000228                        . = ALIGN (0x4)
                0x20000228                        _edata = .

.igot.plt       0x20000228        0x0 load address 0x08012bbc
 .igot.plt      0x20000228        0x0 C:/ST/STM32CubeIDE_2.2.0/STM32CubeIDE/plugins/com.st.stm32cube.ide.mcu.externaltools.gnu-tools-for-stm32.14.3.rel1.win32_1.0.100.202602081740/tools/bin/../lib/gcc/arm-none-eabi/14.3.1/thumb/v8-m.main+fp/hard/crtbegin.o
                0x20000228                        . = ALIGN (0x4)

.bss            0x20000228     0x105c load address 0x08012bbc
                0x20000228                        _sbss = .
                0x20000228                        __bss_start__ = _sbss
 *(.bss)
 .bss           0x20000228       0x1c C:/ST/STM32CubeIDE_2.2.0/STM32CubeIDE/plugins/com.st.stm32cube.ide.mcu.externaltools.gnu-tools-for-stm32.14.3.rel1.win32_1.0.100.202602081740/tools/bin/../lib/gcc/arm-none-eabi/14.3.1/thumb/v8-m.main+fp/hard/crtbegin.o
 *(.bss*)
 .bss.hadc1     0x20000244       0x68 ./Core/Src/adc.o
                0x20000244                hadc1
 .bss.hdac1     0x200002ac       0x14 ./Core/Src/dac.o
                0x200002ac                hdac1
 .bss.hi2c2     0x200002c0       0x54 ./Core/Src/i2c.o
                0x200002c0                hi2c2
 .bss.hlptim1   0x20000314       0x50 ./Core/Src/lptim.o
                0x20000314                hlptim1
 .bss.hrng      0x20000364       0x14 ./Core/Src/rng.o
                0x20000364                hrng
 .bss.hspi3     0x20000378       0x90 ./Core/Src/spi.o
                0x20000378                hspi3
 .bss.__sbrk_heap_end
                0x20000408        0x4 ./Core/Src/sysmem.o
 .bss.htim1     0x2000040c       0x4c ./Core/Src/tim.o
                0x2000040c                htim1
 .bss.htim3     0x20000458       0x4c ./Core/Src/tim.o
                0x20000458                htim3
 .bss.htim6     0x200004a4       0x4c ./Core/Src/tim.o
                0x200004a4                htim6
 .bss.htim7     0x200004f0       0x4c ./Core/Src/tim.o
                0x200004f0                htim7
 .bss.htim8     0x2000053c       0x4c ./Core/Src/tim.o
                0x2000053c                htim8
 .bss.htim12    0x20000588       0x4c ./Core/Src/tim.o
                0x20000588                htim12
 .bss.ST7735Ctx
                0x200005d4       0x10 ./Drivers/BSP/ST7735/st7735.o
                0x200005d4                ST7735Ctx
 .bss.pdata.1   0x200005e4      0x280 ./Drivers/BSP/ST7735/st7735.o
 .bss.pdata.0   0x20000864      0x280 ./Drivers/BSP/ST7735/st7735.o
 .bss.st7735_pObj
                0x20000ae4       0x38 ./Drivers/BSP/ST7735/st7735_lcd.o
                0x20000ae4                st7735_pObj
 .bss.st7735_id
                0x20000b1c        0x4 ./Drivers/BSP/ST7735/st7735_lcd.o
                0x20000b1c                st7735_id
 .bss.ST7735_WRAPPER_LightSet
                0x20000b20        0x4 ./Drivers/BSP/ST7735/st7735_lcd.o
 .bss.IsST7735_WRAPPER_SoftPWM
                0x20000b24        0x1 ./Drivers/BSP/ST7735/st7735_lcd.o
 *fill*         0x20000b25        0x1 
 .bss.ST7735_WRAPPER_BACK_COLOR
                0x20000b26        0x2 ./Drivers/BSP/ST7735/st7735_lcd.o